SCIDB QUERY : <create array Ts_rle <a:string null compression 'bzlib'> [x=-2:3,2,1]>
Query was executed successfully

SCIDB QUERY : <create array Ts_d <a:string null compression 'zlib'> [x=-2:3,2,1]>
Query was executed successfully

SCIDB QUERY : <create array Ts_ns <a:string null compression 'zlib'> [x=-2:3,2,1]>
Query was executed successfully

SCIDB QUERY : <create array Ts_be <a:string null compression 'zlib'> [x=-2:3,2,1]>
Query was executed successfully

SCIDB QUERY : <create array Ts_z <a:string null compression 'zlib'> [x=-2:3,2,1]>
Query was executed successfully

SCIDB QUERY : <create array Ts_bz <a:string null compression 'bzlib'> [x=-2:3,2,1]>
Query was executed successfully

SCIDB QUERY : <create array Ts_nf <a:string null compression 'bzlib'> [x=-2:3,2,1]>
Query was executed successfully

SCIDB QUERY : <create array eTs_rle <a:string null compression 'bzlib'> [x=-2:3,2,1]>
Query was executed successfully

SCIDB QUERY : <create array eTs_d <a:string null compression 'zlib'> [x=-2:3,2,1]>
Query was executed successfully

SCIDB QUERY : <create array eTs_ns <a:string null compression 'zlib'> [x=-2:3,2,1]>
Query was executed successfully

SCIDB QUERY : <create array eTs_be <a:string null compression 'zlib'> [x=-2:3,2,1]>
Query was executed successfully

SCIDB QUERY : <create array eTs_z <a:string null compression 'zlib'> [x=-2:3,2,1]>
Query was executed successfully

SCIDB QUERY : <create array eTs_bz <a:string null compression 'bzlib'> [x=-2:3,2,1]>
Query was executed successfully

SCIDB QUERY : <create array eTs_nf <a:string null compression 'bzlib'> [x=-2:3,2,1]>
Query was executed successfully

SCIDB QUERY : <create array dTs_rle <a:string null default 'default' compression 'bzlib'> [x=-2:3,2,1]>
Query was executed successfully

SCIDB QUERY : <create array dTs_d <a:string null default 'default' compression 'zlib'> [x=-2:3,2,1]>
Query was executed successfully

SCIDB QUERY : <create array dTs_ns <a:string null default 'default' compression 'zlib'> [x=-2:3,2,1]>
Query was executed successfully

SCIDB QUERY : <create array dTs_be <a:string null default 'default' compression 'zlib'> [x=-2:3,2,1]>
Query was executed successfully

SCIDB QUERY : <create array dTs_z <a:string null default 'default' compression 'zlib'> [x=-2:3,2,1]>
Query was executed successfully

SCIDB QUERY : <create array dTs_bz <a:string null default 'default' compression 'bzlib'> [x=-2:3,2,1]>
Query was executed successfully

SCIDB QUERY : <create array dTs_nf <a:string null default 'default' compression 'bzlib'> [x=-2:3,2,1]>
Query was executed successfully

SCIDB QUERY : <create array edTs_rle <a:string null default 'default' compression 'bzlib'> [x=-2:3,2,1]>
Query was executed successfully

SCIDB QUERY : <create array edTs_d <a:string null default 'default' compression 'zlib'> [x=-2:3,2,1]>
Query was executed successfully

SCIDB QUERY : <create array edTs_ns <a:string null default 'default' compression 'zlib'> [x=-2:3,2,1]>
Query was executed successfully

SCIDB QUERY : <create array edTs_be <a:string null default 'default' compression 'zlib'> [x=-2:3,2,1]>
Query was executed successfully

SCIDB QUERY : <create array edTs_z <a:string null default 'default' compression 'zlib'> [x=-2:3,2,1]>
Query was executed successfully

SCIDB QUERY : <create array edTs_bz <a:string null default 'default' compression 'bzlib'> [x=-2:3,2,1]>
Query was executed successfully

SCIDB QUERY : <create array edTs_nf <a:string null default 'default' compression 'bzlib'> [x=-2:3,2,1]>
Query was executed successfully

SCIDB QUERY : <iquery -c $IQUERY_HOST -p $IQUERY_PORT -q "load Ts_rle from '${TEST_DATA_DIR}/null_11.txt'">
Query was executed successfully

SCIDB QUERY : <scan(Ts_rle)  -- Inserted by scan_doctor>
{x} a
{-2} null
{0} ?2
{2} null

SCIDB QUERY : <iquery -c $IQUERY_HOST -p $IQUERY_PORT -q "load Ts_d from '${TEST_DATA_DIR}/null_11.txt'">
Query was executed successfully

SCIDB QUERY : <scan(Ts_d)  -- Inserted by scan_doctor>
{x} a
{-2} null
{0} ?2
{2} null

SCIDB QUERY : <iquery -c $IQUERY_HOST -p $IQUERY_PORT -q "load Ts_ns from '${TEST_DATA_DIR}/null_11.txt'">
Query was executed successfully

SCIDB QUERY : <scan(Ts_ns)  -- Inserted by scan_doctor>
{x} a
{-2} null
{0} ?2
{2} null

SCIDB QUERY : <iquery -c $IQUERY_HOST -p $IQUERY_PORT -q "load Ts_be from '${TEST_DATA_DIR}/null_11.txt'">
Query was executed successfully

SCIDB QUERY : <scan(Ts_be)  -- Inserted by scan_doctor>
{x} a
{-2} null
{0} ?2
{2} null

SCIDB QUERY : <iquery -c $IQUERY_HOST -p $IQUERY_PORT -q "load Ts_z from '${TEST_DATA_DIR}/null_11.txt'">
Query was executed successfully

SCIDB QUERY : <scan(Ts_z)  -- Inserted by scan_doctor>
{x} a
{-2} null
{0} ?2
{2} null

SCIDB QUERY : <iquery -c $IQUERY_HOST -p $IQUERY_PORT -q "load Ts_bz from '${TEST_DATA_DIR}/null_11.txt'">
Query was executed successfully

SCIDB QUERY : <scan(Ts_bz)  -- Inserted by scan_doctor>
{x} a
{-2} null
{0} ?2
{2} null

SCIDB QUERY : <iquery -c $IQUERY_HOST -p $IQUERY_PORT -q "load Ts_nf from '${TEST_DATA_DIR}/null_11.txt'">
Query was executed successfully

SCIDB QUERY : <scan(Ts_nf)  -- Inserted by scan_doctor>
{x} a
{-2} null
{0} ?2
{2} null

SCIDB QUERY : <iquery -c $IQUERY_HOST -p $IQUERY_PORT -q "load dTs_rle from '${TEST_DATA_DIR}/null_11.txt'">
Query was executed successfully

SCIDB QUERY : <scan(dTs_rle)  -- Inserted by scan_doctor>
{x} a
{-2} null
{0} ?2
{2} null

SCIDB QUERY : <iquery -c $IQUERY_HOST -p $IQUERY_PORT -q "load dTs_d from '${TEST_DATA_DIR}/null_11.txt'">
Query was executed successfully

SCIDB QUERY : <scan(dTs_d)  -- Inserted by scan_doctor>
{x} a
{-2} null
{0} ?2
{2} null

SCIDB QUERY : <iquery -c $IQUERY_HOST -p $IQUERY_PORT -q "load dTs_ns from '${TEST_DATA_DIR}/null_11.txt'">
Query was executed successfully

SCIDB QUERY : <scan(dTs_ns)  -- Inserted by scan_doctor>
{x} a
{-2} null
{0} ?2
{2} null

SCIDB QUERY : <iquery -c $IQUERY_HOST -p $IQUERY_PORT -q "load dTs_be from '${TEST_DATA_DIR}/null_11.txt'">
Query was executed successfully

SCIDB QUERY : <scan(dTs_be)  -- Inserted by scan_doctor>
{x} a
{-2} null
{0} ?2
{2} null

SCIDB QUERY : <iquery -c $IQUERY_HOST -p $IQUERY_PORT -q "load dTs_z from '${TEST_DATA_DIR}/null_11.txt'">
Query was executed successfully

SCIDB QUERY : <scan(dTs_z)  -- Inserted by scan_doctor>
{x} a
{-2} null
{0} ?2
{2} null

SCIDB QUERY : <iquery -c $IQUERY_HOST -p $IQUERY_PORT -q "load dTs_bz from '${TEST_DATA_DIR}/null_11.txt'">
Query was executed successfully

SCIDB QUERY : <scan(dTs_bz)  -- Inserted by scan_doctor>
{x} a
{-2} null
{0} ?2
{2} null

SCIDB QUERY : <iquery -c $IQUERY_HOST -p $IQUERY_PORT -q "load dTs_nf from '${TEST_DATA_DIR}/null_11.txt'">
Query was executed successfully

SCIDB QUERY : <scan(dTs_nf)  -- Inserted by scan_doctor>
{x} a
{-2} null
{0} ?2
{2} null

SCIDB QUERY : <iquery -c $IQUERY_HOST -p $IQUERY_PORT -q "load eTs_rle from '${TEST_DATA_DIR}/null_15.txt'">
Query was executed successfully

SCIDB QUERY : <scan(eTs_rle)  -- Inserted by scan_doctor>
{x} a
{-2} null
{0} ?2
{1} null
{2} null
{3} null

SCIDB QUERY : <iquery -c $IQUERY_HOST -p $IQUERY_PORT -q "load eTs_d from '${TEST_DATA_DIR}/null_15.txt'">
Query was executed successfully

SCIDB QUERY : <scan(eTs_d)  -- Inserted by scan_doctor>
{x} a
{-2} null
{0} ?2
{1} null
{2} null
{3} null

SCIDB QUERY : <iquery -c $IQUERY_HOST -p $IQUERY_PORT -q "load eTs_ns from '${TEST_DATA_DIR}/null_15.txt'">
Query was executed successfully

SCIDB QUERY : <scan(eTs_ns)  -- Inserted by scan_doctor>
{x} a
{-2} null
{0} ?2
{1} null
{2} null
{3} null

SCIDB QUERY : <iquery -c $IQUERY_HOST -p $IQUERY_PORT -q "load eTs_be from '${TEST_DATA_DIR}/null_15.txt'">
Query was executed successfully

SCIDB QUERY : <scan(eTs_be)  -- Inserted by scan_doctor>
{x} a
{-2} null
{0} ?2
{1} null
{2} null
{3} null

SCIDB QUERY : <iquery -c $IQUERY_HOST -p $IQUERY_PORT -q "load eTs_z from '${TEST_DATA_DIR}/null_15.txt'">
Query was executed successfully

SCIDB QUERY : <scan(eTs_z)  -- Inserted by scan_doctor>
{x} a
{-2} null
{0} ?2
{1} null
{2} null
{3} null

SCIDB QUERY : <iquery -c $IQUERY_HOST -p $IQUERY_PORT -q "load eTs_bz from '${TEST_DATA_DIR}/null_15.txt'">
Query was executed successfully

SCIDB QUERY : <scan(eTs_bz)  -- Inserted by scan_doctor>
{x} a
{-2} null
{0} ?2
{1} null
{2} null
{3} null

SCIDB QUERY : <iquery -c $IQUERY_HOST -p $IQUERY_PORT -q "load eTs_nf from '${TEST_DATA_DIR}/null_15.txt'">
Query was executed successfully

SCIDB QUERY : <scan(eTs_nf)  -- Inserted by scan_doctor>
{x} a
{-2} null
{0} ?2
{1} null
{2} null
{3} null

SCIDB QUERY : <iquery -c $IQUERY_HOST -p $IQUERY_PORT -q "load edTs_rle from '${TEST_DATA_DIR}/null_15.txt'">
Query was executed successfully

SCIDB QUERY : <scan(edTs_rle)  -- Inserted by scan_doctor>
{x} a
{-2} null
{0} ?2
{1} 'default'
{2} null
{3} 'default'

SCIDB QUERY : <iquery -c $IQUERY_HOST -p $IQUERY_PORT -q "load edTs_d from '${TEST_DATA_DIR}/null_15.txt'">
Query was executed successfully

SCIDB QUERY : <scan(edTs_d)  -- Inserted by scan_doctor>
{x} a
{-2} null
{0} ?2
{1} 'default'
{2} null
{3} 'default'

SCIDB QUERY : <iquery -c $IQUERY_HOST -p $IQUERY_PORT -q "load edTs_ns from '${TEST_DATA_DIR}/null_15.txt'">
Query was executed successfully

SCIDB QUERY : <scan(edTs_ns)  -- Inserted by scan_doctor>
{x} a
{-2} null
{0} ?2
{1} 'default'
{2} null
{3} 'default'

SCIDB QUERY : <iquery -c $IQUERY_HOST -p $IQUERY_PORT -q "load edTs_be from '${TEST_DATA_DIR}/null_15.txt'">
Query was executed successfully

SCIDB QUERY : <scan(edTs_be)  -- Inserted by scan_doctor>
{x} a
{-2} null
{0} ?2
{1} 'default'
{2} null
{3} 'default'

SCIDB QUERY : <iquery -c $IQUERY_HOST -p $IQUERY_PORT -q "load edTs_z from '${TEST_DATA_DIR}/null_15.txt'">
Query was executed successfully

SCIDB QUERY : <scan(edTs_z)  -- Inserted by scan_doctor>
{x} a
{-2} null
{0} ?2
{1} 'default'
{2} null
{3} 'default'

SCIDB QUERY : <iquery -c $IQUERY_HOST -p $IQUERY_PORT -q "load edTs_bz from '${TEST_DATA_DIR}/null_15.txt'">
Query was executed successfully

SCIDB QUERY : <scan(edTs_bz)  -- Inserted by scan_doctor>
{x} a
{-2} null
{0} ?2
{1} 'default'
{2} null
{3} 'default'

SCIDB QUERY : <iquery -c $IQUERY_HOST -p $IQUERY_PORT -q "load edTs_nf from '${TEST_DATA_DIR}/null_15.txt'">
Query was executed successfully

SCIDB QUERY : <scan(edTs_nf)  -- Inserted by scan_doctor>
{x} a
{-2} null
{0} ?2
{1} 'default'
{2} null
{3} 'default'

SCIDB QUERY : <iquery -c $IQUERY_HOST -p $IQUERY_PORT -q "load Ts_rle from '${TEST_DATA_DIR}/null_12.txt'">
Query was executed successfully

SCIDB QUERY : <scan(Ts_rle)  -- Inserted by scan_doctor>
{x} a
{-1} ?2
{0} null
{3} null

SCIDB QUERY : <iquery -c $IQUERY_HOST -p $IQUERY_PORT -q "load Ts_d from '${TEST_DATA_DIR}/null_12.txt'">
Query was executed successfully

SCIDB QUERY : <scan(Ts_d)  -- Inserted by scan_doctor>
{x} a
{-1} ?2
{0} null
{3} null

SCIDB QUERY : <iquery -c $IQUERY_HOST -p $IQUERY_PORT -q "load Ts_ns from '${TEST_DATA_DIR}/null_12.txt'">
Query was executed successfully

SCIDB QUERY : <scan(Ts_ns)  -- Inserted by scan_doctor>
{x} a
{-1} ?2
{0} null
{3} null

SCIDB QUERY : <iquery -c $IQUERY_HOST -p $IQUERY_PORT -q "load Ts_be from '${TEST_DATA_DIR}/null_12.txt'">
Query was executed successfully

SCIDB QUERY : <scan(Ts_be)  -- Inserted by scan_doctor>
{x} a
{-1} ?2
{0} null
{3} null

SCIDB QUERY : <iquery -c $IQUERY_HOST -p $IQUERY_PORT -q "load Ts_z from '${TEST_DATA_DIR}/null_12.txt'">
Query was executed successfully

SCIDB QUERY : <scan(Ts_z)  -- Inserted by scan_doctor>
{x} a
{-1} ?2
{0} null
{3} null

SCIDB QUERY : <iquery -c $IQUERY_HOST -p $IQUERY_PORT -q "load Ts_bz from '${TEST_DATA_DIR}/null_12.txt'">
Query was executed successfully

SCIDB QUERY : <scan(Ts_bz)  -- Inserted by scan_doctor>
{x} a
{-1} ?2
{0} null
{3} null

SCIDB QUERY : <iquery -c $IQUERY_HOST -p $IQUERY_PORT -q "load Ts_nf from '${TEST_DATA_DIR}/null_12.txt'">
Query was executed successfully

SCIDB QUERY : <scan(Ts_nf)  -- Inserted by scan_doctor>
{x} a
{-1} ?2
{0} null
{3} null

SCIDB QUERY : <iquery -c $IQUERY_HOST -p $IQUERY_PORT -q "load dTs_rle from '${TEST_DATA_DIR}/null_12.txt'">
Query was executed successfully

SCIDB QUERY : <scan(dTs_rle)  -- Inserted by scan_doctor>
{x} a
{-1} ?2
{0} null
{3} null

SCIDB QUERY : <iquery -c $IQUERY_HOST -p $IQUERY_PORT -q "load dTs_d from '${TEST_DATA_DIR}/null_12.txt'">
Query was executed successfully

SCIDB QUERY : <scan(dTs_d)  -- Inserted by scan_doctor>
{x} a
{-1} ?2
{0} null
{3} null

SCIDB QUERY : <iquery -c $IQUERY_HOST -p $IQUERY_PORT -q "load dTs_ns from '${TEST_DATA_DIR}/null_12.txt'">
Query was executed successfully

SCIDB QUERY : <scan(dTs_ns)  -- Inserted by scan_doctor>
{x} a
{-1} ?2
{0} null
{3} null

SCIDB QUERY : <iquery -c $IQUERY_HOST -p $IQUERY_PORT -q "load dTs_be from '${TEST_DATA_DIR}/null_12.txt'">
Query was executed successfully

SCIDB QUERY : <scan(dTs_be)  -- Inserted by scan_doctor>
{x} a
{-1} ?2
{0} null
{3} null

SCIDB QUERY : <iquery -c $IQUERY_HOST -p $IQUERY_PORT -q "load dTs_z from '${TEST_DATA_DIR}/null_12.txt'">
Query was executed successfully

SCIDB QUERY : <scan(dTs_z)  -- Inserted by scan_doctor>
{x} a
{-1} ?2
{0} null
{3} null

SCIDB QUERY : <iquery -c $IQUERY_HOST -p $IQUERY_PORT -q "load dTs_bz from '${TEST_DATA_DIR}/null_12.txt'">
Query was executed successfully

SCIDB QUERY : <scan(dTs_bz)  -- Inserted by scan_doctor>
{x} a
{-1} ?2
{0} null
{3} null

SCIDB QUERY : <iquery -c $IQUERY_HOST -p $IQUERY_PORT -q "load dTs_nf from '${TEST_DATA_DIR}/null_12.txt'">
Query was executed successfully

SCIDB QUERY : <scan(dTs_nf)  -- Inserted by scan_doctor>
{x} a
{-1} ?2
{0} null
{3} null

SCIDB QUERY : <iquery -c $IQUERY_HOST -p $IQUERY_PORT -q "load eTs_rle from '${TEST_DATA_DIR}/null_16.txt'">
Query was executed successfully

SCIDB QUERY : <scan(eTs_rle)  -- Inserted by scan_doctor>
{x} a
{-2} null
{-1} ?2
{0} null
{1} null
{2} null
{3} null

SCIDB QUERY : <iquery -c $IQUERY_HOST -p $IQUERY_PORT -q "load eTs_d from '${TEST_DATA_DIR}/null_16.txt'">
Query was executed successfully

SCIDB QUERY : <scan(eTs_d)  -- Inserted by scan_doctor>
{x} a
{-2} null
{-1} ?2
{0} null
{1} null
{2} null
{3} null

SCIDB QUERY : <iquery -c $IQUERY_HOST -p $IQUERY_PORT -q "load eTs_ns from '${TEST_DATA_DIR}/null_16.txt'">
Query was executed successfully

SCIDB QUERY : <scan(eTs_ns)  -- Inserted by scan_doctor>
{x} a
{-2} null
{-1} ?2
{0} null
{1} null
{2} null
{3} null

SCIDB QUERY : <iquery -c $IQUERY_HOST -p $IQUERY_PORT -q "load eTs_be from '${TEST_DATA_DIR}/null_16.txt'">
Query was executed successfully

SCIDB QUERY : <scan(eTs_be)  -- Inserted by scan_doctor>
{x} a
{-2} null
{-1} ?2
{0} null
{1} null
{2} null
{3} null

SCIDB QUERY : <iquery -c $IQUERY_HOST -p $IQUERY_PORT -q "load eTs_z from '${TEST_DATA_DIR}/null_16.txt'">
Query was executed successfully

SCIDB QUERY : <scan(eTs_z)  -- Inserted by scan_doctor>
{x} a
{-2} null
{-1} ?2
{0} null
{1} null
{2} null
{3} null

SCIDB QUERY : <iquery -c $IQUERY_HOST -p $IQUERY_PORT -q "load eTs_bz from '${TEST_DATA_DIR}/null_16.txt'">
Query was executed successfully

SCIDB QUERY : <scan(eTs_bz)  -- Inserted by scan_doctor>
{x} a
{-2} null
{-1} ?2
{0} null
{1} null
{2} null
{3} null

SCIDB QUERY : <iquery -c $IQUERY_HOST -p $IQUERY_PORT -q "load eTs_nf from '${TEST_DATA_DIR}/null_16.txt'">
Query was executed successfully

SCIDB QUERY : <scan(eTs_nf)  -- Inserted by scan_doctor>
{x} a
{-2} null
{-1} ?2
{0} null
{1} null
{2} null
{3} null

SCIDB QUERY : <iquery -c $IQUERY_HOST -p $IQUERY_PORT -q "load edTs_rle from '${TEST_DATA_DIR}/null_16.txt'">
Query was executed successfully

SCIDB QUERY : <scan(edTs_rle)  -- Inserted by scan_doctor>
{x} a
{-2} 'default'
{-1} ?2
{0} null
{1} 'default'
{2} 'default'
{3} null

SCIDB QUERY : <iquery -c $IQUERY_HOST -p $IQUERY_PORT -q "load edTs_d from '${TEST_DATA_DIR}/null_16.txt'">
Query was executed successfully

SCIDB QUERY : <scan(edTs_d)  -- Inserted by scan_doctor>
{x} a
{-2} 'default'
{-1} ?2
{0} null
{1} 'default'
{2} 'default'
{3} null

SCIDB QUERY : <iquery -c $IQUERY_HOST -p $IQUERY_PORT -q "load edTs_ns from '${TEST_DATA_DIR}/null_16.txt'">
Query was executed successfully

SCIDB QUERY : <scan(edTs_ns)  -- Inserted by scan_doctor>
{x} a
{-2} 'default'
{-1} ?2
{0} null
{1} 'default'
{2} 'default'
{3} null

SCIDB QUERY : <iquery -c $IQUERY_HOST -p $IQUERY_PORT -q "load edTs_be from '${TEST_DATA_DIR}/null_16.txt'">
Query was executed successfully

SCIDB QUERY : <scan(edTs_be)  -- Inserted by scan_doctor>
{x} a
{-2} 'default'
{-1} ?2
{0} null
{1} 'default'
{2} 'default'
{3} null

SCIDB QUERY : <iquery -c $IQUERY_HOST -p $IQUERY_PORT -q "load edTs_z from '${TEST_DATA_DIR}/null_16.txt'">
Query was executed successfully

SCIDB QUERY : <scan(edTs_z)  -- Inserted by scan_doctor>
{x} a
{-2} 'default'
{-1} ?2
{0} null
{1} 'default'
{2} 'default'
{3} null

SCIDB QUERY : <iquery -c $IQUERY_HOST -p $IQUERY_PORT -q "load edTs_bz from '${TEST_DATA_DIR}/null_16.txt'">
Query was executed successfully

SCIDB QUERY : <scan(edTs_bz)  -- Inserted by scan_doctor>
{x} a
{-2} 'default'
{-1} ?2
{0} null
{1} 'default'
{2} 'default'
{3} null

SCIDB QUERY : <iquery -c $IQUERY_HOST -p $IQUERY_PORT -q "load edTs_nf from '${TEST_DATA_DIR}/null_16.txt'">
Query was executed successfully

SCIDB QUERY : <scan(edTs_nf)  -- Inserted by scan_doctor>
{x} a
{-2} 'default'
{-1} ?2
{0} null
{1} 'default'
{2} 'default'
{3} null

SCIDB QUERY : <remove(Ts_rle)>
Query was executed successfully

SCIDB QUERY : <remove(Ts_d)>
Query was executed successfully

SCIDB QUERY : <remove(Ts_ns)>
Query was executed successfully

SCIDB QUERY : <remove(Ts_be)>
Query was executed successfully

SCIDB QUERY : <remove(Ts_z)>
Query was executed successfully

SCIDB QUERY : <remove(Ts_bz)>
Query was executed successfully

SCIDB QUERY : <remove(Ts_nf)>
Query was executed successfully

SCIDB QUERY : <remove(eTs_rle)>
Query was executed successfully

SCIDB QUERY : <remove(eTs_d)>
Query was executed successfully

SCIDB QUERY : <remove(eTs_ns)>
Query was executed successfully

SCIDB QUERY : <remove(eTs_be)>
Query was executed successfully

SCIDB QUERY : <remove(eTs_z)>
Query was executed successfully

SCIDB QUERY : <remove(eTs_bz)>
Query was executed successfully

SCIDB QUERY : <remove(eTs_nf)>
Query was executed successfully

SCIDB QUERY : <remove(dTs_rle)>
Query was executed successfully

SCIDB QUERY : <remove(dTs_d)>
Query was executed successfully

SCIDB QUERY : <remove(dTs_ns)>
Query was executed successfully

SCIDB QUERY : <remove(dTs_be)>
Query was executed successfully

SCIDB QUERY : <remove(dTs_z)>
Query was executed successfully

SCIDB QUERY : <remove(dTs_bz)>
Query was executed successfully

SCIDB QUERY : <remove(dTs_nf)>
Query was executed successfully

SCIDB QUERY : <remove(edTs_rle)>
Query was executed successfully

SCIDB QUERY : <remove(edTs_d)>
Query was executed successfully

SCIDB QUERY : <remove(edTs_ns)>
Query was executed successfully

SCIDB QUERY : <remove(edTs_be)>
Query was executed successfully

SCIDB QUERY : <remove(edTs_z)>
Query was executed successfully

SCIDB QUERY : <remove(edTs_bz)>
Query was executed successfully

SCIDB QUERY : <remove(edTs_nf)>
Query was executed successfully

