Query was executed successfully

Query was executed successfully

Query was executed successfully

{x} a
{0} 1

Query was executed successfully

{y} b
{2} 3

Query was executed successfully

{x} a
{0} 1
{2} 3

Query was executed successfully

Query was executed successfully

