SCIDB QUERY : <create array A <a:int32> [x=0:2,3,0]>
Query was executed successfully

SCIDB QUERY : <create array B <a:int32> [x=0:2,3,0]>
Query was executed successfully

SCIDB QUERY : <create array C <a:int32> [x=0:2,1,0]>
Query was executed successfully

SCIDB QUERY : <create array D <a:int32> [x=0:2,3,1]>
Query was executed successfully

SCIDB QUERY : <create array E <a:int32> [x=0:2,2,1]>
Query was executed successfully

SCIDB QUERY : <store(apply(build(<a:int32>[          x=0:2,3,0],x),b,true),Y)>
Query was executed successfully

SCIDB QUERY : <scan(Y)  -- Inserted by scan_doctor>
{x} a,b
{0} 0,true
{1} 1,true
{2} 2,true

SCIDB QUERY : <store(build(<b:bool> [y=0:2,3,0,x=0:2,3,0],true),Z)>
Query was executed successfully

SCIDB QUERY : <scan(Z)  -- Inserted by scan_doctor>
{y,x} b
{0,0} true
{0,1} true
{0,2} true
{1,0} true
{1,1} true
{1,2} true
{2,0} true
{2,1} true
{2,2} true

SCIDB QUERY : <select * into A from build(A,x+10)>
Query was executed successfully

SCIDB QUERY : <scan(A)  -- Inserted by scan_doctor>
{x} a
{0} 10
{1} 11
{2} 12

SCIDB QUERY : <select * into B from A>
Query was executed successfully

SCIDB QUERY : <scan(B)  -- Inserted by scan_doctor>
{x} a
{0} 10
{1} 11
{2} 12

SCIDB QUERY : <select * into B from A where x<>1>
Query was executed successfully

SCIDB QUERY : <scan(B)  -- Inserted by scan_doctor>
{x} a
{0} 10
{2} 12

SCIDB QUERY : <select * into C from A>
Query was executed successfully

SCIDB QUERY : <scan(C)  -- Inserted by scan_doctor>
{x} a
{0} 10
{1} 11
{2} 12

SCIDB QUERY : <select * into C from A where x>1>
Query was executed successfully

SCIDB QUERY : <scan(C)  -- Inserted by scan_doctor>
{x} a
{2} 12

SCIDB QUERY : <select * into D from A>
Query was executed successfully

SCIDB QUERY : <scan(D)  -- Inserted by scan_doctor>
{x} a
{0} 10
{1} 11
{2} 12

SCIDB QUERY : <select * into D from A where x<1>
Query was executed successfully

SCIDB QUERY : <scan(D)  -- Inserted by scan_doctor>
{x} a
{0} 10

SCIDB QUERY : <select * into E from A>
Query was executed successfully

SCIDB QUERY : <scan(E)  -- Inserted by scan_doctor>
{x} a
{0} 10
{1} 11
{2} 12

SCIDB QUERY : <select * into E from A where x=1>
Query was executed successfully

SCIDB QUERY : <scan(E)  -- Inserted by scan_doctor>
{x} a
{1} 11

SCIDB QUERY : <select * into Z from Y>
Query was executed successfully

SCIDB QUERY : <scan(Z)  -- Inserted by scan_doctor>
{y,x} b
{0,0} true
{0,1} true
{0,2} true

SCIDB QUERY : <remove(A)>
Query was executed successfully

SCIDB QUERY : <remove(B)>
Query was executed successfully

SCIDB QUERY : <remove(C)>
Query was executed successfully

SCIDB QUERY : <remove(D)>
Query was executed successfully

SCIDB QUERY : <remove(E)>
Query was executed successfully

SCIDB QUERY : <remove(Y)>
Query was executed successfully

SCIDB QUERY : <remove(Z)>
Query was executed successfully

