SCIDB QUERY : <store(build(<val:double>[i=0:9,10,0],1),source)>
Query was executed successfully

SCIDB QUERY : <scan(source)  -- Inserted by scan_doctor>
[(1),(1),(1),(1),(1),(1),(1),(1),(1),(1)]

SCIDB QUERY : <remove(source)>
Query was executed successfully

