Query was executed successfully

Query was executed successfully

[Query was executed successfully, ignoring data output by this query.]

[Query was executed successfully, ignoring data output by this query.]

physical plan of auto-inserted repart/redimension
SCIDB QUERY : <iquery -c $IQUERY_HOST -p $IQUERY_PORT -aq "_explain_physical('join(left_array,right_array)','afl')" | sed -f ${TEST_UTILS_DIR}/fix_physplan.sed>
{No} physical_plan
{0} '[pPlan]:
>[pNode] physicalJoin ID 2 ddl 0 tile 0 children 2
  schema public.left_arrayright_array<val:double,val:double> [{i, public.right_array.i}, {x, left_array.x, public.left_array.x}=0:9 (x:y):1:2; {j, public.right_array.j}, {y, left_array.y, public.left_array.y}=0:9 (x:y):2:4]
>>[pNode] physicalScan ID 0 ddl 0 tile 1 children 0
   schema public.left_array<val:double> [{x, public.left_array.x}=0:9 (x:y):1:2; {y, public.left_array.y}=0:9 (x:y):2:4]
>>[pNode] impl_sg ID 4 ddl 0 tile 0 children 1
   schema public.right_array<val:double> [{i, public.right_array.i}=0:9 (x:y):1:2; {j, public.right_array.j}=0:15 (x:y):2:4]
>>>[pNode] physicalRepart ID 3 ddl 0 tile 0 children 1
    schema public.right_array<val:double> [{i, public.right_array.i}=0:9 (x:y):1:2; {j, public.right_array.j}=0:15 (x:y):2:4]
>>>>[pNode] physicalScan ID 1 ddl 0 tile 1 children 0
     schema public.right_array<val:double> [{i, public.right_array.i}=0:9 (x:y):3:3; {j, public.right_array.j}=0:15 (x:y):4:5]

SCIDB QUERY : <join(repart(left_array,<val:double>[x=0:9,*,3, y=0:15,4,4]),repart(right_array,<val:double>[i=0:9,*,1, j=0:15,*,2]))>
[An error expected at this place for the query "join(repart(left_array,<val:double>[x=0:9,*,3, y=0:15,4,4]),repart(right_array,<val:double>[i=0:9,*,1, j=0:15,*,2]))". And it failed with error code = scidb::SCIDB_SE_OPERATOR::SCIDB_LE_ALL_INPUTS_AUTOCHUNKED. Expected error code = scidb::SCIDB_SE_OPERATOR::SCIDB_LE_ALL_INPUTS_AUTOCHUNKED.]

SCIDB QUERY : <iquery -c $IQUERY_HOST -p $IQUERY_PORT -aq "_explain_physical('join(left_array,repart(right_array,<val:double>[i=0:9,2,1, j=0:15,4,2]))','afl')" | sed -f ${TEST_UTILS_DIR}/fix_physplan.sed>
{No} physical_plan
{0} '[pPlan]:
>[pNode] physicalJoin ID 3 ddl 0 tile 0 children 2
  schema public.left_arrayright_array<val:double,val:double> [{x, left_array.x, public.left_array.x}=0:9 (x:y):1:2; {y, left_array.y, public.left_array.y}=0:9 (x:y):2:4]
>>[pNode] physicalScan ID 0 ddl 0 tile 1 children 0
   schema public.left_array<val:double> [{x, public.left_array.x}=0:9 (x:y):1:2; {y, public.left_array.y}=0:9 (x:y):2:4]
>>[pNode] impl_sg ID 4 ddl 0 tile 0 children 1
   schema public.right_array<val:double> [{i}=0:9 (x:y):1:2; {j}=0:15 (x:y):2:4]
>>>[pNode] physicalRepart ID 2 ddl 0 tile 0 children 1
    schema public.right_array<val:double> [{i}=0:9 (x:y):1:2; {j}=0:15 (x:y):2:4]
>>>>[pNode] physicalScan ID 1 ddl 0 tile 1 children 0
     schema public.right_array<val:double> [{i, public.right_array.i}=0:9 (x:y):3:3; {j, public.right_array.j}=0:15 (x:y):4:5]

Physical Plan of collapsing redimension
SCIDB QUERY : <iquery -c $IQUERY_HOST -p $IQUERY_PORT -aq "_explain_physical('join(left_array,repart(right_array,<val:double>[i=0:9,*,1, j=0:15,4,2]))','afl')" | sed -f ${TEST_UTILS_DIR}/fix_physplan.sed>
{No} physical_plan
{0} '[pPlan]:
>[pNode] physicalJoin ID 3 ddl 0 tile 0 children 2
  schema public.left_arrayright_array<val:double,val:double> [{x, left_array.x, public.left_array.x}=0:9 (x:y):1:2; {y, left_array.y, public.left_array.y}=0:9 (x:y):2:4]
>>[pNode] physicalScan ID 0 ddl 0 tile 1 children 0
   schema public.left_array<val:double> [{x, public.left_array.x}=0:9 (x:y):1:2; {y, public.left_array.y}=0:9 (x:y):2:4]
>>[pNode] impl_sg ID 5 ddl 0 tile 0 children 1
   schema public.right_array<val:double> [{i}=0:9 (x:y):1:2; {j}=0:15 (x:y):2:4]
>>>[pNode] physicalRepart ID 4 ddl 0 tile 0 children 1
    schema public.right_array<val:double> [{i}=0:9 (x:y):1:2; {j}=0:15 (x:y):2:4]
>>>>[pNode] physicalScan ID 1 ddl 0 tile 1 children 0
     schema public.right_array<val:double> [{i, public.right_array.i}=0:9 (x:y):3:3; {j, public.right_array.j}=0:15 (x:y):4:5]

SCIDB QUERY : <iquery -c $IQUERY_HOST -p $IQUERY_PORT -aq "_explain_physical('join(left_array,repart(right_array,<val:double>[i=0:9,2,1, j=0:15,*,2]))','afl')" | sed -f ${TEST_UTILS_DIR}/fix_physplan.sed>
{No} physical_plan
{0} '[pPlan]:
>[pNode] physicalJoin ID 3 ddl 0 tile 0 children 2
  schema public.left_arrayright_array<val:double,val:double> [{x, left_array.x, public.left_array.x}=0:9 (x:y):1:2; {y, left_array.y, public.left_array.y}=0:9 (x:y):2:4]
>>[pNode] physicalScan ID 0 ddl 0 tile 1 children 0
   schema public.left_array<val:double> [{x, public.left_array.x}=0:9 (x:y):1:2; {y, public.left_array.y}=0:9 (x:y):2:4]
>>[pNode] impl_sg ID 5 ddl 0 tile 0 children 1
   schema public.right_array<val:double> [{i}=0:9 (x:y):1:2; {j}=0:15 (x:y):2:4]
>>>[pNode] physicalRepart ID 4 ddl 0 tile 0 children 1
    schema public.right_array<val:double> [{i}=0:9 (x:y):1:2; {j}=0:15 (x:y):2:4]
>>>>[pNode] physicalScan ID 1 ddl 0 tile 1 children 0
     schema public.right_array<val:double> [{i, public.right_array.i}=0:9 (x:y):3:3; {j, public.right_array.j}=0:15 (x:y):4:5]

SCIDB QUERY : <iquery -c $IQUERY_HOST -p $IQUERY_PORT -aq "_explain_physical('join(left_array,repart(right_array,<val:double>[i=0:9,*,1, j=0:15,*,2]))','afl')" | sed -f ${TEST_UTILS_DIR}/fix_physplan.sed>
{No} physical_plan
{0} '[pPlan]:
>[pNode] physicalJoin ID 3 ddl 0 tile 0 children 2
  schema public.left_arrayright_array<val:double,val:double> [{x, left_array.x, public.left_array.x}=0:9 (x:y):1:2; {y, left_array.y, public.left_array.y}=0:9 (x:y):2:4]
>>[pNode] physicalScan ID 0 ddl 0 tile 1 children 0
   schema public.left_array<val:double> [{x, public.left_array.x}=0:9 (x:y):1:2; {y, public.left_array.y}=0:9 (x:y):2:4]
>>[pNode] impl_sg ID 5 ddl 0 tile 0 children 1
   schema public.right_array<val:double> [{i}=0:9 (x:y):1:2; {j}=0:15 (x:y):2:4]
>>>[pNode] physicalRepart ID 4 ddl 0 tile 0 children 1
    schema public.right_array<val:double> [{i}=0:9 (x:y):1:2; {j}=0:15 (x:y):2:4]
>>>>[pNode] physicalScan ID 1 ddl 0 tile 1 children 0
     schema public.right_array<val:double> [{i, public.right_array.i}=0:9 (x:y):3:3; {j, public.right_array.j}=0:15 (x:y):4:5]

SCIDB QUERY : <store(join(left_array,right_array), L_R)>
[Query was executed successfully, ignoring data output by this query.]

SCIDB QUERY : <_show_nodist(L_R)>
{i} schema
{0} 'L_R<val:double,val_2:double> [x=0:9:1:2; y=0:9:2:4]'

SCIDB QUERY : <store(join(left_array,repart(right_array,<val:double>[i=0:9,*,1, j=0:15,*,2])),L_rR)>
[Query was executed successfully, ignoring data output by this query.]

SCIDB QUERY : <_show_nodist(L_rR)>
{i} schema
{0} 'L_rR<val:double,val_2:double> [x=0:9:1:2; y=0:9:2:4]'

SCIDB QUERY : <join(left_array,redimension(right_array,<val:double>[i=1:9,*,1, j=0:15,4,2]))>
[An error expected at this place for the query "join(left_array,redimension(right_array,<val:double>[i=1:9,*,1, j=0:15,4,2]))". And it failed with error code = scidb::SCIDB_SE_INFER_SCHEMA::SCIDB_LE_START_INDEX_MISMATCH. Expected error code = scidb::SCIDB_SE_INFER_SCHEMA::SCIDB_LE_START_INDEX_MISMATCH.]

SCIDB QUERY : <join(left_array,redimension(right_array,<val:double>[i=1:9,2,1, j=0:15,*,2]))>
[An error expected at this place for the query "join(left_array,redimension(right_array,<val:double>[i=1:9,2,1, j=0:15,*,2]))". And it failed with error code = scidb::SCIDB_SE_INFER_SCHEMA::SCIDB_LE_START_INDEX_MISMATCH. Expected error code = scidb::SCIDB_SE_INFER_SCHEMA::SCIDB_LE_START_INDEX_MISMATCH.]

SCIDB QUERY : <join(left_array,redimension(right_array,<val:double>[i=1:9,*,1, j=0:15,*,2]))>
[An error expected at this place for the query "join(left_array,redimension(right_array,<val:double>[i=1:9,*,1, j=0:15,*,2]))". And it failed with error code = scidb::SCIDB_SE_INFER_SCHEMA::SCIDB_LE_START_INDEX_MISMATCH. Expected error code = scidb::SCIDB_SE_INFER_SCHEMA::SCIDB_LE_START_INDEX_MISMATCH.]

SCIDB QUERY : <join(left_array,redimension(right_array,<val:double>[i=0:9,*,1, j=1:15,4,2]))>
[An error expected at this place for the query "join(left_array,redimension(right_array,<val:double>[i=0:9,*,1, j=1:15,4,2]))". And it failed with error code = scidb::SCIDB_SE_INFER_SCHEMA::SCIDB_LE_START_INDEX_MISMATCH. Expected error code = scidb::SCIDB_SE_INFER_SCHEMA::SCIDB_LE_START_INDEX_MISMATCH.]

SCIDB QUERY : <join(left_array,redimension(right_array,<val:double>[i=0:9,2,1, j=1:15,*,2]))>
[An error expected at this place for the query "join(left_array,redimension(right_array,<val:double>[i=0:9,2,1, j=1:15,*,2]))". And it failed with error code = scidb::SCIDB_SE_INFER_SCHEMA::SCIDB_LE_START_INDEX_MISMATCH. Expected error code = scidb::SCIDB_SE_INFER_SCHEMA::SCIDB_LE_START_INDEX_MISMATCH.]

SCIDB QUERY : <join(left_array,redimension(right_array,<val:double>[i=0:9,*,1, j=1:15,*,2]))>
[An error expected at this place for the query "join(left_array,redimension(right_array,<val:double>[i=0:9,*,1, j=1:15,*,2]))". And it failed with error code = scidb::SCIDB_SE_INFER_SCHEMA::SCIDB_LE_START_INDEX_MISMATCH. Expected error code = scidb::SCIDB_SE_INFER_SCHEMA::SCIDB_LE_START_INDEX_MISMATCH.]

SCIDB QUERY : <join(left_array,redimension(right_array,<val:double>[i=1:9,*,1, j=1:15,4,2]))>
[An error expected at this place for the query "join(left_array,redimension(right_array,<val:double>[i=1:9,*,1, j=1:15,4,2]))". And it failed with error code = scidb::SCIDB_SE_INFER_SCHEMA::SCIDB_LE_START_INDEX_MISMATCH. Expected error code = scidb::SCIDB_SE_INFER_SCHEMA::SCIDB_LE_START_INDEX_MISMATCH.]

SCIDB QUERY : <join(left_array,redimension(right_array,<val:double>[i=1:9,2,1, j=1:15,*,2]))>
[An error expected at this place for the query "join(left_array,redimension(right_array,<val:double>[i=1:9,2,1, j=1:15,*,2]))". And it failed with error code = scidb::SCIDB_SE_INFER_SCHEMA::SCIDB_LE_START_INDEX_MISMATCH. Expected error code = scidb::SCIDB_SE_INFER_SCHEMA::SCIDB_LE_START_INDEX_MISMATCH.]

SCIDB QUERY : <join(left_array,redimension(right_array,<val:double>[i=1:9,*,1, j=1:15,*,2]))>
[An error expected at this place for the query "join(left_array,redimension(right_array,<val:double>[i=1:9,*,1, j=1:15,*,2]))". And it failed with error code = scidb::SCIDB_SE_INFER_SCHEMA::SCIDB_LE_START_INDEX_MISMATCH. Expected error code = scidb::SCIDB_SE_INFER_SCHEMA::SCIDB_LE_START_INDEX_MISMATCH.]

SCIDB QUERY : <iquery -c $IQUERY_HOST -p $IQUERY_PORT -aq "_explain_physical('join(left_array,redimension(right_array,<val:double>[i=0:*,*,1, j=0:15,4,2]))','afl')" | sed -f ${TEST_UTILS_DIR}/fix_physplan.sed>
{No} physical_plan
{0} '[pPlan]:
>[pNode] physicalJoin ID 3 ddl 0 tile 0 children 2
  schema public.left_arrayright_array<val:double,val:double> [{x, left_array.x, public.left_array.x}=0:9 (x:y):1:2; {y, left_array.y, public.left_array.y}=0:9 (x:y):2:4]
>>[pNode] physicalScan ID 0 ddl 0 tile 1 children 0
   schema public.left_array<val:double> [{x, public.left_array.x}=0:9 (x:y):1:2; {y, public.left_array.y}=0:9 (x:y):2:4]
>>[pNode] impl_sg ID 5 ddl 0 tile 0 children 1
   schema public.right_array<val:double> [{i}=0:* (x:y):1:2; {j}=0:15 (x:y):2:4]
>>>[pNode] PhysicalRedimension ID 4 ddl 0 tile 0 children 1
    schema public.right_array<val:double> [{i}=0:* (x:y):1:2; {j}=0:15 (x:y):2:4]
>>>>[pNode] physicalScan ID 1 ddl 0 tile 1 children 0
     schema public.right_array<val:double> [{i, public.right_array.i}=0:9 (x:y):3:3; {j, public.right_array.j}=0:15 (x:y):4:5]

SCIDB QUERY : <iquery -c $IQUERY_HOST -p $IQUERY_PORT -aq "_explain_physical('join(left_array,redimension(right_array,<val:double>[i=0:*,2,1, j=0:15,*,2]))','afl')" | sed -f ${TEST_UTILS_DIR}/fix_physplan.sed>
{No} physical_plan
{0} '[pPlan]:
>[pNode] physicalJoin ID 3 ddl 0 tile 0 children 2
  schema public.left_arrayright_array<val:double,val:double> [{x, left_array.x, public.left_array.x}=0:9 (x:y):1:2; {y, left_array.y, public.left_array.y}=0:9 (x:y):2:4]
>>[pNode] physicalScan ID 0 ddl 0 tile 1 children 0
   schema public.left_array<val:double> [{x, public.left_array.x}=0:9 (x:y):1:2; {y, public.left_array.y}=0:9 (x:y):2:4]
>>[pNode] impl_sg ID 5 ddl 0 tile 0 children 1
   schema public.right_array<val:double> [{i}=0:* (x:y):1:2; {j}=0:15 (x:y):2:4]
>>>[pNode] PhysicalRedimension ID 4 ddl 0 tile 0 children 1
    schema public.right_array<val:double> [{i}=0:* (x:y):1:2; {j}=0:15 (x:y):2:4]
>>>>[pNode] physicalScan ID 1 ddl 0 tile 1 children 0
     schema public.right_array<val:double> [{i, public.right_array.i}=0:9 (x:y):3:3; {j, public.right_array.j}=0:15 (x:y):4:5]

SCIDB QUERY : <iquery -c $IQUERY_HOST -p $IQUERY_PORT -aq "_explain_physical('join(left_array,redimension(right_array,<val:double>[i=0:*,*,1, j=0:15,*,2]))','afl')" | sed -f ${TEST_UTILS_DIR}/fix_physplan.sed>
{No} physical_plan
{0} '[pPlan]:
>[pNode] physicalJoin ID 3 ddl 0 tile 0 children 2
  schema public.left_arrayright_array<val:double,val:double> [{x, left_array.x, public.left_array.x}=0:9 (x:y):1:2; {y, left_array.y, public.left_array.y}=0:9 (x:y):2:4]
>>[pNode] physicalScan ID 0 ddl 0 tile 1 children 0
   schema public.left_array<val:double> [{x, public.left_array.x}=0:9 (x:y):1:2; {y, public.left_array.y}=0:9 (x:y):2:4]
>>[pNode] impl_sg ID 5 ddl 0 tile 0 children 1
   schema public.right_array<val:double> [{i}=0:* (x:y):1:2; {j}=0:15 (x:y):2:4]
>>>[pNode] PhysicalRedimension ID 4 ddl 0 tile 0 children 1
    schema public.right_array<val:double> [{i}=0:* (x:y):1:2; {j}=0:15 (x:y):2:4]
>>>>[pNode] physicalScan ID 1 ddl 0 tile 1 children 0
     schema public.right_array<val:double> [{i, public.right_array.i}=0:9 (x:y):3:3; {j, public.right_array.j}=0:15 (x:y):4:5]

SCIDB QUERY : <iquery -c $IQUERY_HOST -p $IQUERY_PORT -aq "_explain_physical('join(left_array,redimension(right_array,<val:double>[i=0:9,*,1, j=0:*,4,2]))','afl')" | sed -f ${TEST_UTILS_DIR}/fix_physplan.sed>
{No} physical_plan
{0} '[pPlan]:
>[pNode] physicalJoin ID 3 ddl 0 tile 0 children 2
  schema public.left_arrayright_array<val:double,val:double> [{x, left_array.x, public.left_array.x}=0:9 (x:y):1:2; {y, left_array.y, public.left_array.y}=0:9 (x:y):2:4]
>>[pNode] physicalScan ID 0 ddl 0 tile 1 children 0
   schema public.left_array<val:double> [{x, public.left_array.x}=0:9 (x:y):1:2; {y, public.left_array.y}=0:9 (x:y):2:4]
>>[pNode] impl_sg ID 5 ddl 0 tile 0 children 1
   schema public.right_array<val:double> [{i}=0:9 (x:y):1:2; {j}=0:* (x:y):2:4]
>>>[pNode] PhysicalRedimension ID 4 ddl 0 tile 0 children 1
    schema public.right_array<val:double> [{i}=0:9 (x:y):1:2; {j}=0:* (x:y):2:4]
>>>>[pNode] physicalScan ID 1 ddl 0 tile 1 children 0
     schema public.right_array<val:double> [{i, public.right_array.i}=0:9 (x:y):3:3; {j, public.right_array.j}=0:15 (x:y):4:5]

SCIDB QUERY : <iquery -c $IQUERY_HOST -p $IQUERY_PORT -aq "_explain_physical('join(left_array,redimension(right_array,<val:double>[i=0:9,2,1, j=0:*,*,2]))','afl')" | sed -f ${TEST_UTILS_DIR}/fix_physplan.sed>
{No} physical_plan
{0} '[pPlan]:
>[pNode] physicalJoin ID 3 ddl 0 tile 0 children 2
  schema public.left_arrayright_array<val:double,val:double> [{x, left_array.x, public.left_array.x}=0:9 (x:y):1:2; {y, left_array.y, public.left_array.y}=0:9 (x:y):2:4]
>>[pNode] physicalScan ID 0 ddl 0 tile 1 children 0
   schema public.left_array<val:double> [{x, public.left_array.x}=0:9 (x:y):1:2; {y, public.left_array.y}=0:9 (x:y):2:4]
>>[pNode] impl_sg ID 5 ddl 0 tile 0 children 1
   schema public.right_array<val:double> [{i}=0:9 (x:y):1:2; {j}=0:* (x:y):2:4]
>>>[pNode] PhysicalRedimension ID 4 ddl 0 tile 0 children 1
    schema public.right_array<val:double> [{i}=0:9 (x:y):1:2; {j}=0:* (x:y):2:4]
>>>>[pNode] physicalScan ID 1 ddl 0 tile 1 children 0
     schema public.right_array<val:double> [{i, public.right_array.i}=0:9 (x:y):3:3; {j, public.right_array.j}=0:15 (x:y):4:5]

SCIDB QUERY : <iquery -c $IQUERY_HOST -p $IQUERY_PORT -aq "_explain_physical('join(left_array,redimension(right_array,<val:double>[i=0:9,*,1, j=0:*,*,2]))','afl')" | sed -f ${TEST_UTILS_DIR}/fix_physplan.sed>
{No} physical_plan
{0} '[pPlan]:
>[pNode] physicalJoin ID 3 ddl 0 tile 0 children 2
  schema public.left_arrayright_array<val:double,val:double> [{x, left_array.x, public.left_array.x}=0:9 (x:y):1:2; {y, left_array.y, public.left_array.y}=0:9 (x:y):2:4]
>>[pNode] physicalScan ID 0 ddl 0 tile 1 children 0
   schema public.left_array<val:double> [{x, public.left_array.x}=0:9 (x:y):1:2; {y, public.left_array.y}=0:9 (x:y):2:4]
>>[pNode] impl_sg ID 5 ddl 0 tile 0 children 1
   schema public.right_array<val:double> [{i}=0:9 (x:y):1:2; {j}=0:* (x:y):2:4]
>>>[pNode] PhysicalRedimension ID 4 ddl 0 tile 0 children 1
    schema public.right_array<val:double> [{i}=0:9 (x:y):1:2; {j}=0:* (x:y):2:4]
>>>>[pNode] physicalScan ID 1 ddl 0 tile 1 children 0
     schema public.right_array<val:double> [{i, public.right_array.i}=0:9 (x:y):3:3; {j, public.right_array.j}=0:15 (x:y):4:5]

SCIDB QUERY : <iquery -c $IQUERY_HOST -p $IQUERY_PORT -aq "_explain_physical('join(left_array,redimension(right_array,<val:double>[i=0:99,*,1, j=0:199,4,2]))','afl')" | sed -f ${TEST_UTILS_DIR}/fix_physplan.sed>
{No} physical_plan
{0} '[pPlan]:
>[pNode] physicalJoin ID 3 ddl 0 tile 0 children 2
  schema public.left_arrayright_array<val:double,val:double> [{x, left_array.x, public.left_array.x}=0:9 (x:y):1:2; {y, left_array.y, public.left_array.y}=0:9 (x:y):2:4]
>>[pNode] physicalScan ID 0 ddl 0 tile 1 children 0
   schema public.left_array<val:double> [{x, public.left_array.x}=0:9 (x:y):1:2; {y, public.left_array.y}=0:9 (x:y):2:4]
>>[pNode] impl_sg ID 5 ddl 0 tile 0 children 1
   schema public.right_array<val:double> [{i}=0:99 (x:y):1:2; {j}=0:199 (x:y):2:4]
>>>[pNode] PhysicalRedimension ID 4 ddl 0 tile 0 children 1
    schema public.right_array<val:double> [{i}=0:99 (x:y):1:2; {j}=0:199 (x:y):2:4]
>>>>[pNode] physicalScan ID 1 ddl 0 tile 1 children 0
     schema public.right_array<val:double> [{i, public.right_array.i}=0:9 (x:y):3:3; {j, public.right_array.j}=0:15 (x:y):4:5]

SCIDB QUERY : <iquery -c $IQUERY_HOST -p $IQUERY_PORT -aq "_explain_physical('join(left_array,redimension(right_array,<val:double>[i=0:99,2,1, j=0:199,*,2]))','afl')" | sed -f ${TEST_UTILS_DIR}/fix_physplan.sed>
{No} physical_plan
{0} '[pPlan]:
>[pNode] physicalJoin ID 3 ddl 0 tile 0 children 2
  schema public.left_arrayright_array<val:double,val:double> [{x, left_array.x, public.left_array.x}=0:9 (x:y):1:2; {y, left_array.y, public.left_array.y}=0:9 (x:y):2:4]
>>[pNode] physicalScan ID 0 ddl 0 tile 1 children 0
   schema public.left_array<val:double> [{x, public.left_array.x}=0:9 (x:y):1:2; {y, public.left_array.y}=0:9 (x:y):2:4]
>>[pNode] impl_sg ID 5 ddl 0 tile 0 children 1
   schema public.right_array<val:double> [{i}=0:99 (x:y):1:2; {j}=0:199 (x:y):2:4]
>>>[pNode] PhysicalRedimension ID 4 ddl 0 tile 0 children 1
    schema public.right_array<val:double> [{i}=0:99 (x:y):1:2; {j}=0:199 (x:y):2:4]
>>>>[pNode] physicalScan ID 1 ddl 0 tile 1 children 0
     schema public.right_array<val:double> [{i, public.right_array.i}=0:9 (x:y):3:3; {j, public.right_array.j}=0:15 (x:y):4:5]

SCIDB QUERY : <iquery -c $IQUERY_HOST -p $IQUERY_PORT -aq "_explain_physical('join(left_array,redimension(right_array,<val:double>[i=0:99,*,1, j=0:199,*,2]))','afl')" | sed -f ${TEST_UTILS_DIR}/fix_physplan.sed>
{No} physical_plan
{0} '[pPlan]:
>[pNode] physicalJoin ID 3 ddl 0 tile 0 children 2
  schema public.left_arrayright_array<val:double,val:double> [{x, left_array.x, public.left_array.x}=0:9 (x:y):1:2; {y, left_array.y, public.left_array.y}=0:9 (x:y):2:4]
>>[pNode] physicalScan ID 0 ddl 0 tile 1 children 0
   schema public.left_array<val:double> [{x, public.left_array.x}=0:9 (x:y):1:2; {y, public.left_array.y}=0:9 (x:y):2:4]
>>[pNode] impl_sg ID 5 ddl 0 tile 0 children 1
   schema public.right_array<val:double> [{i}=0:99 (x:y):1:2; {j}=0:199 (x:y):2:4]
>>>[pNode] PhysicalRedimension ID 4 ddl 0 tile 0 children 1
    schema public.right_array<val:double> [{i}=0:99 (x:y):1:2; {j}=0:199 (x:y):2:4]
>>>>[pNode] physicalScan ID 1 ddl 0 tile 1 children 0
     schema public.right_array<val:double> [{i, public.right_array.i}=0:9 (x:y):3:3; {j, public.right_array.j}=0:15 (x:y):4:5]

SCIDB QUERY : <join(left_array,redimension(right_array,<val:double>[i=0:7,*,1, j=0:15,4,2]))>
[An error expected at this place for the query "join(left_array,redimension(right_array,<val:double>[i=0:7,*,1, j=0:15,4,2]))". And it failed with error code = scidb::SCIDB_SE_OPERATOR::SCIDB_LE_INVALID_REDIMENSION_POSITION. Expected error code = scidb::SCIDB_SE_OPERATOR::SCIDB_LE_INVALID_REDIMENSION_POSITION.]

SCIDB QUERY : <join(left_array,redimension(right_array,<val:double>[i=0:7,2,1, j=0:15,*,2]))>
[An error expected at this place for the query "join(left_array,redimension(right_array,<val:double>[i=0:7,2,1, j=0:15,*,2]))". And it failed with error code = scidb::SCIDB_SE_OPERATOR::SCIDB_LE_INVALID_REDIMENSION_POSITION. Expected error code = scidb::SCIDB_SE_OPERATOR::SCIDB_LE_INVALID_REDIMENSION_POSITION.]

SCIDB QUERY : <join(left_array,redimension(right_array,<val:double>[i=0:7,*,1, j=0:15,*,2]))>
[An error expected at this place for the query "join(left_array,redimension(right_array,<val:double>[i=0:7,*,1, j=0:15,*,2]))". And it failed with error code = scidb::SCIDB_SE_OPERATOR::SCIDB_LE_INVALID_REDIMENSION_POSITION. Expected error code = scidb::SCIDB_SE_OPERATOR::SCIDB_LE_INVALID_REDIMENSION_POSITION.]

SCIDB QUERY : <join(left_array,redimension(right_array,<val:double>[i=0:9,*,1, j=0:12,4,2]))>
[An error expected at this place for the query "join(left_array,redimension(right_array,<val:double>[i=0:9,*,1, j=0:12,4,2]))". And it failed with error code = scidb::SCIDB_SE_OPERATOR::SCIDB_LE_INVALID_REDIMENSION_POSITION. Expected error code = scidb::SCIDB_SE_OPERATOR::SCIDB_LE_INVALID_REDIMENSION_POSITION.]

SCIDB QUERY : <join(left_array,redimension(right_array,<val:double>[i=0:9,2,1, j=0:12,*,2]))>
[An error expected at this place for the query "join(left_array,redimension(right_array,<val:double>[i=0:9,2,1, j=0:12,*,2]))". And it failed with error code = scidb::SCIDB_SE_OPERATOR::SCIDB_LE_INVALID_REDIMENSION_POSITION. Expected error code = scidb::SCIDB_SE_OPERATOR::SCIDB_LE_INVALID_REDIMENSION_POSITION.]

SCIDB QUERY : <join(left_array,redimension(right_array,<val:double>[i=0:9,*,1, j=0:12,*,2]))>
[An error expected at this place for the query "join(left_array,redimension(right_array,<val:double>[i=0:9,*,1, j=0:12,*,2]))". And it failed with error code = scidb::SCIDB_SE_OPERATOR::SCIDB_LE_INVALID_REDIMENSION_POSITION. Expected error code = scidb::SCIDB_SE_OPERATOR::SCIDB_LE_INVALID_REDIMENSION_POSITION.]

SCIDB QUERY : <join(left_array,redimension(right_array,<val:double>[i=0:7,*,1, j=0:12,4,2]))>
[An error expected at this place for the query "join(left_array,redimension(right_array,<val:double>[i=0:7,*,1, j=0:12,4,2]))". And it failed with error code = scidb::SCIDB_SE_OPERATOR::SCIDB_LE_INVALID_REDIMENSION_POSITION. Expected error code = scidb::SCIDB_SE_OPERATOR::SCIDB_LE_INVALID_REDIMENSION_POSITION.]

SCIDB QUERY : <join(left_array,redimension(right_array,<val:double>[i=0:7,2,1, j=0:12,*,2]))>
[An error expected at this place for the query "join(left_array,redimension(right_array,<val:double>[i=0:7,2,1, j=0:12,*,2]))". And it failed with error code = scidb::SCIDB_SE_OPERATOR::SCIDB_LE_INVALID_REDIMENSION_POSITION. Expected error code = scidb::SCIDB_SE_OPERATOR::SCIDB_LE_INVALID_REDIMENSION_POSITION.]

SCIDB QUERY : <join(left_array,redimension(right_array,<val:double>[i=0:7,*,1, j=0:12,*,2]))>
[An error expected at this place for the query "join(left_array,redimension(right_array,<val:double>[i=0:7,*,1, j=0:12,*,2]))". And it failed with error code = scidb::SCIDB_SE_OPERATOR::SCIDB_LE_INVALID_REDIMENSION_POSITION. Expected error code = scidb::SCIDB_SE_OPERATOR::SCIDB_LE_INVALID_REDIMENSION_POSITION.]

SCIDB QUERY : <join(left_array,repart(right_array,<val:double>[i=0:9,*,0, j=0:15,4,2]))>
[Query was executed successfully, ignoring data output by this query.]

SCIDB QUERY : <join(left_array,repart(right_array,<val:double>[i=0:9,2,0, j=0:15,*,2]))>
[Query was executed successfully, ignoring data output by this query.]

SCIDB QUERY : <join(left_array,repart(right_array,<val:double>[i=0:9,*,0, j=0:15,*,2]))>
[Query was executed successfully, ignoring data output by this query.]

SCIDB QUERY : <join(left_array,repart(right_array,<val:double>[i=0:9,*,2, j=0:15,4,2]))>
[An error expected at this place for the query "join(left_array,repart(right_array,<val:double>[i=0:9,*,2, j=0:15,4,2]))". And it failed with error code = scidb::SCIDB_SE_OPERATOR::SCIDB_LE_BAD_EXPLICIT_REPART. Expected error code = scidb::SCIDB_SE_OPERATOR::SCIDB_LE_BAD_EXPLICIT_REPART.]

SCIDB QUERY : <join(left_array,repart(right_array,<val:double>[i=0:9,2,2, j=0:15,*,2]))>
[An error expected at this place for the query "join(left_array,repart(right_array,<val:double>[i=0:9,2,2, j=0:15,*,2]))". And it failed with error code = scidb::SCIDB_SE_OPERATOR::SCIDB_LE_BAD_EXPLICIT_REPART. Expected error code = scidb::SCIDB_SE_OPERATOR::SCIDB_LE_BAD_EXPLICIT_REPART.]

SCIDB QUERY : <join(left_array,repart(right_array,<val:double>[i=0:9,*,2, j=0:15,*,2]))>
[An error expected at this place for the query "join(left_array,repart(right_array,<val:double>[i=0:9,*,2, j=0:15,*,2]))". And it failed with error code = scidb::SCIDB_SE_OPERATOR::SCIDB_LE_BAD_EXPLICIT_REPART. Expected error code = scidb::SCIDB_SE_OPERATOR::SCIDB_LE_BAD_EXPLICIT_REPART.]

SCIDB QUERY : <join(left_array,repart(right_array,<val:double>[i=0:9,*,1, j=0:15,4,1]))>
[Query was executed successfully, ignoring data output by this query.]

SCIDB QUERY : <join(left_array,repart(right_array,<val:double>[i=0:9,2,1, j=0:15,*,1]))>
[Query was executed successfully, ignoring data output by this query.]

SCIDB QUERY : <join(left_array,repart(right_array,<val:double>[i=0:9,*,1, j=0:15,*,1]))>
[Query was executed successfully, ignoring data output by this query.]

SCIDB QUERY : <join(left_array,repart(right_array,<val:double>[i=0:9,*,1, j=0:15,4,3]))>
[An error expected at this place for the query "join(left_array,repart(right_array,<val:double>[i=0:9,*,1, j=0:15,4,3]))". And it failed with error code = scidb::SCIDB_SE_OPERATOR::SCIDB_LE_BAD_EXPLICIT_REPART. Expected error code = scidb::SCIDB_SE_OPERATOR::SCIDB_LE_BAD_EXPLICIT_REPART.]

SCIDB QUERY : <join(left_array,repart(right_array,<val:double>[i=0:9,2,1, j=0:15,*,3]))>
[An error expected at this place for the query "join(left_array,repart(right_array,<val:double>[i=0:9,2,1, j=0:15,*,3]))". And it failed with error code = scidb::SCIDB_SE_OPERATOR::SCIDB_LE_BAD_EXPLICIT_REPART. Expected error code = scidb::SCIDB_SE_OPERATOR::SCIDB_LE_BAD_EXPLICIT_REPART.]

SCIDB QUERY : <join(left_array,repart(right_array,<val:double>[i=0:9,*,1, j=0:15,*,3]))>
[An error expected at this place for the query "join(left_array,repart(right_array,<val:double>[i=0:9,*,1, j=0:15,*,3]))". And it failed with error code = scidb::SCIDB_SE_OPERATOR::SCIDB_LE_BAD_EXPLICIT_REPART. Expected error code = scidb::SCIDB_SE_OPERATOR::SCIDB_LE_BAD_EXPLICIT_REPART.]

SCIDB QUERY : <join(left_array,repart(right_array,<val:double>[i=0:9,*,0, j=0:15,4,1]))>
[Query was executed successfully, ignoring data output by this query.]

SCIDB QUERY : <join(left_array,repart(right_array,<val:double>[i=0:9,2,0, j=0:15,*,1]))>
[Query was executed successfully, ignoring data output by this query.]

SCIDB QUERY : <join(left_array,repart(right_array,<val:double>[i=0:9,*,0, j=0:15,*,1]))>
[Query was executed successfully, ignoring data output by this query.]

SCIDB QUERY : <join(left_array,repart(right_array,<val:double>[i=0:9,*,0, j=0:15,4,3]))>
[An error expected at this place for the query "join(left_array,repart(right_array,<val:double>[i=0:9,*,0, j=0:15,4,3]))". And it failed with error code = scidb::SCIDB_SE_OPERATOR::SCIDB_LE_BAD_EXPLICIT_REPART. Expected error code = scidb::SCIDB_SE_OPERATOR::SCIDB_LE_BAD_EXPLICIT_REPART.]

SCIDB QUERY : <join(left_array,repart(right_array,<val:double>[i=0:9,2,0, j=0:15,*,3]))>
[An error expected at this place for the query "join(left_array,repart(right_array,<val:double>[i=0:9,2,0, j=0:15,*,3]))". And it failed with error code = scidb::SCIDB_SE_OPERATOR::SCIDB_LE_BAD_EXPLICIT_REPART. Expected error code = scidb::SCIDB_SE_OPERATOR::SCIDB_LE_BAD_EXPLICIT_REPART.]

SCIDB QUERY : <join(left_array,repart(right_array,<val:double>[i=0:9,*,0, j=0:15,*,3]))>
[An error expected at this place for the query "join(left_array,repart(right_array,<val:double>[i=0:9,*,0, j=0:15,*,3]))". And it failed with error code = scidb::SCIDB_SE_OPERATOR::SCIDB_LE_BAD_EXPLICIT_REPART. Expected error code = scidb::SCIDB_SE_OPERATOR::SCIDB_LE_BAD_EXPLICIT_REPART.]

SCIDB QUERY : <join(left_array,repart(right_array,<val:double>[i=0:9,*,2, j=0:15,4,1]))>
[An error expected at this place for the query "join(left_array,repart(right_array,<val:double>[i=0:9,*,2, j=0:15,4,1]))". And it failed with error code = scidb::SCIDB_SE_OPERATOR::SCIDB_LE_BAD_EXPLICIT_REPART. Expected error code = scidb::SCIDB_SE_OPERATOR::SCIDB_LE_BAD_EXPLICIT_REPART.]

SCIDB QUERY : <join(left_array,repart(right_array,<val:double>[i=0:9,2,2, j=0:15,*,1]))>
[An error expected at this place for the query "join(left_array,repart(right_array,<val:double>[i=0:9,2,2, j=0:15,*,1]))". And it failed with error code = scidb::SCIDB_SE_OPERATOR::SCIDB_LE_BAD_EXPLICIT_REPART. Expected error code = scidb::SCIDB_SE_OPERATOR::SCIDB_LE_BAD_EXPLICIT_REPART.]

SCIDB QUERY : <join(left_array,repart(right_array,<val:double>[i=0:9,*,2, j=0:15,*,1]))>
[An error expected at this place for the query "join(left_array,repart(right_array,<val:double>[i=0:9,*,2, j=0:15,*,1]))". And it failed with error code = scidb::SCIDB_SE_OPERATOR::SCIDB_LE_BAD_EXPLICIT_REPART. Expected error code = scidb::SCIDB_SE_OPERATOR::SCIDB_LE_BAD_EXPLICIT_REPART.]

SCIDB QUERY : <join(left_array,repart(right_array,<val:double>[i=0:9,*,2, j=0:15,4,3]))>
[An error expected at this place for the query "join(left_array,repart(right_array,<val:double>[i=0:9,*,2, j=0:15,4,3]))". And it failed with error code = scidb::SCIDB_SE_OPERATOR::SCIDB_LE_BAD_EXPLICIT_REPART. Expected error code = scidb::SCIDB_SE_OPERATOR::SCIDB_LE_BAD_EXPLICIT_REPART.]

SCIDB QUERY : <join(left_array,repart(right_array,<val:double>[i=0:9,2,2, j=0:15,*,3]))>
[An error expected at this place for the query "join(left_array,repart(right_array,<val:double>[i=0:9,2,2, j=0:15,*,3]))". And it failed with error code = scidb::SCIDB_SE_OPERATOR::SCIDB_LE_BAD_EXPLICIT_REPART. Expected error code = scidb::SCIDB_SE_OPERATOR::SCIDB_LE_BAD_EXPLICIT_REPART.]

SCIDB QUERY : <join(left_array,repart(right_array,<val:double>[i=0:9,*,2, j=0:15,*,3]))>
[An error expected at this place for the query "join(left_array,repart(right_array,<val:double>[i=0:9,*,2, j=0:15,*,3]))". And it failed with error code = scidb::SCIDB_SE_OPERATOR::SCIDB_LE_BAD_EXPLICIT_REPART. Expected error code = scidb::SCIDB_SE_OPERATOR::SCIDB_LE_BAD_EXPLICIT_REPART.]

Query was executed successfully

Query was executed successfully

Query was executed successfully

Query was executed successfully

