SVD_METRIC_1 matrix type svdrandom, RxC 1x1, chunk_size 32, error_limit 50 PASS : TRUE
SVD_METRIC_2 matrix type svdrandom, RxC 1x1, chunk_size 32, error_limit 50 PASS : TRUE
SVD_METRIC_3 matrix type svdrandom, RxC 1x1, chunk_size 32, error_limit 50 PASS : TRUE
SVD_METRIC_4 matrix type svdrandom, RxC 1x1, chunk_size 32, error_limit 50 PASS : TRUE
SVD_METRIC_1 matrix type svdrandom, RxC 1x27, chunk_size 32, error_limit 50 PASS : TRUE
SVD_METRIC_2 matrix type svdrandom, RxC 1x27, chunk_size 32, error_limit 50 PASS : TRUE
SVD_METRIC_3 matrix type svdrandom, RxC 1x27, chunk_size 32, error_limit 50 PASS : TRUE
SVD_METRIC_4 matrix type svdrandom, RxC 1x27, chunk_size 32, error_limit 50 PASS : TRUE
SVD_METRIC_1 matrix type svdrandom, RxC 27x1, chunk_size 32, error_limit 50 PASS : TRUE
SVD_METRIC_2 matrix type svdrandom, RxC 27x1, chunk_size 32, error_limit 50 PASS : TRUE
SVD_METRIC_3 matrix type svdrandom, RxC 27x1, chunk_size 32, error_limit 50 PASS : TRUE
SVD_METRIC_4 matrix type svdrandom, RxC 27x1, chunk_size 32, error_limit 50 PASS : TRUE
SVD_METRIC_1 matrix type svdrandom, RxC 27x27, chunk_size 32, error_limit 50 PASS : TRUE
SVD_METRIC_2 matrix type svdrandom, RxC 27x27, chunk_size 32, error_limit 50 PASS : TRUE
SVD_METRIC_3 matrix type svdrandom, RxC 27x27, chunk_size 32, error_limit 50 PASS : TRUE
SVD_METRIC_4 matrix type svdrandom, RxC 27x27, chunk_size 32, error_limit 50 PASS : TRUE
SVD_METRIC_1 matrix type svdrandom, RxC 1x53, chunk_size 32, error_limit 50 PASS : TRUE
SVD_METRIC_2 matrix type svdrandom, RxC 1x53, chunk_size 32, error_limit 50 PASS : TRUE
SVD_METRIC_3 matrix type svdrandom, RxC 1x53, chunk_size 32, error_limit 50 PASS : TRUE
SVD_METRIC_4 matrix type svdrandom, RxC 1x53, chunk_size 32, error_limit 50 PASS : TRUE
SVD_METRIC_1 matrix type svdrandom, RxC 27x53, chunk_size 32, error_limit 50 PASS : TRUE
SVD_METRIC_2 matrix type svdrandom, RxC 27x53, chunk_size 32, error_limit 50 PASS : TRUE
SVD_METRIC_3 matrix type svdrandom, RxC 27x53, chunk_size 32, error_limit 50 PASS : TRUE
SVD_METRIC_4 matrix type svdrandom, RxC 27x53, chunk_size 32, error_limit 50 PASS : TRUE
SVD_METRIC_1 matrix type svdrandom, RxC 53x1, chunk_size 32, error_limit 50 PASS : TRUE
SVD_METRIC_2 matrix type svdrandom, RxC 53x1, chunk_size 32, error_limit 50 PASS : TRUE
SVD_METRIC_3 matrix type svdrandom, RxC 53x1, chunk_size 32, error_limit 50 PASS : TRUE
SVD_METRIC_4 matrix type svdrandom, RxC 53x1, chunk_size 32, error_limit 50 PASS : TRUE
SVD_METRIC_1 matrix type svdrandom, RxC 53x27, chunk_size 32, error_limit 50 PASS : TRUE
SVD_METRIC_2 matrix type svdrandom, RxC 53x27, chunk_size 32, error_limit 50 PASS : TRUE
SVD_METRIC_3 matrix type svdrandom, RxC 53x27, chunk_size 32, error_limit 50 PASS : TRUE
SVD_METRIC_4 matrix type svdrandom, RxC 53x27, chunk_size 32, error_limit 50 PASS : TRUE
SVD_METRIC_1 matrix type svdrandom, RxC 53x53, chunk_size 32, error_limit 50 PASS : TRUE
SVD_METRIC_2 matrix type svdrandom, RxC 53x53, chunk_size 32, error_limit 50 PASS : TRUE
SVD_METRIC_3 matrix type svdrandom, RxC 53x53, chunk_size 32, error_limit 50 PASS : TRUE
SVD_METRIC_4 matrix type svdrandom, RxC 53x53, chunk_size 32, error_limit 50 PASS : TRUE
SVD_METRIC_1 matrix type svdrandom, RxC 1x79, chunk_size 32, error_limit 50 PASS : TRUE
SVD_METRIC_2 matrix type svdrandom, RxC 1x79, chunk_size 32, error_limit 50 PASS : TRUE
SVD_METRIC_3 matrix type svdrandom, RxC 1x79, chunk_size 32, error_limit 50 PASS : TRUE
SVD_METRIC_4 matrix type svdrandom, RxC 1x79, chunk_size 32, error_limit 50 PASS : TRUE
SVD_METRIC_1 matrix type svdrandom, RxC 27x79, chunk_size 32, error_limit 50 PASS : TRUE
SVD_METRIC_2 matrix type svdrandom, RxC 27x79, chunk_size 32, error_limit 50 PASS : TRUE
SVD_METRIC_3 matrix type svdrandom, RxC 27x79, chunk_size 32, error_limit 50 PASS : TRUE
SVD_METRIC_4 matrix type svdrandom, RxC 27x79, chunk_size 32, error_limit 50 PASS : TRUE
SVD_METRIC_1 matrix type svdrandom, RxC 53x79, chunk_size 32, error_limit 50 PASS : TRUE
SVD_METRIC_2 matrix type svdrandom, RxC 53x79, chunk_size 32, error_limit 50 PASS : TRUE
SVD_METRIC_3 matrix type svdrandom, RxC 53x79, chunk_size 32, error_limit 50 PASS : TRUE
SVD_METRIC_4 matrix type svdrandom, RxC 53x79, chunk_size 32, error_limit 50 PASS : TRUE
SVD_METRIC_1 matrix type svdrandom, RxC 79x1, chunk_size 32, error_limit 50 PASS : TRUE
SVD_METRIC_2 matrix type svdrandom, RxC 79x1, chunk_size 32, error_limit 50 PASS : TRUE
SVD_METRIC_3 matrix type svdrandom, RxC 79x1, chunk_size 32, error_limit 50 PASS : TRUE
SVD_METRIC_4 matrix type svdrandom, RxC 79x1, chunk_size 32, error_limit 50 PASS : TRUE
SVD_METRIC_1 matrix type svdrandom, RxC 79x27, chunk_size 32, error_limit 50 PASS : TRUE
SVD_METRIC_2 matrix type svdrandom, RxC 79x27, chunk_size 32, error_limit 50 PASS : TRUE
SVD_METRIC_3 matrix type svdrandom, RxC 79x27, chunk_size 32, error_limit 50 PASS : TRUE
SVD_METRIC_4 matrix type svdrandom, RxC 79x27, chunk_size 32, error_limit 50 PASS : TRUE
SVD_METRIC_1 matrix type svdrandom, RxC 79x53, chunk_size 32, error_limit 50 PASS : TRUE
SVD_METRIC_2 matrix type svdrandom, RxC 79x53, chunk_size 32, error_limit 50 PASS : TRUE
SVD_METRIC_3 matrix type svdrandom, RxC 79x53, chunk_size 32, error_limit 50 PASS : TRUE
SVD_METRIC_4 matrix type svdrandom, RxC 79x53, chunk_size 32, error_limit 50 PASS : TRUE
SVD_METRIC_1 matrix type svdrandom, RxC 79x79, chunk_size 32, error_limit 50 PASS : TRUE
SVD_METRIC_2 matrix type svdrandom, RxC 79x79, chunk_size 32, error_limit 50 PASS : TRUE
SVD_METRIC_3 matrix type svdrandom, RxC 79x79, chunk_size 32, error_limit 50 PASS : TRUE
SVD_METRIC_4 matrix type svdrandom, RxC 79x79, chunk_size 32, error_limit 50 PASS : TRUE
SVD_METRIC_1 matrix type svdrandom, RxC 1x96, chunk_size 32, error_limit 50 PASS : TRUE
SVD_METRIC_2 matrix type svdrandom, RxC 1x96, chunk_size 32, error_limit 50 PASS : TRUE
SVD_METRIC_3 matrix type svdrandom, RxC 1x96, chunk_size 32, error_limit 50 PASS : TRUE
SVD_METRIC_4 matrix type svdrandom, RxC 1x96, chunk_size 32, error_limit 50 PASS : TRUE
SVD_METRIC_1 matrix type svdrandom, RxC 27x96, chunk_size 32, error_limit 50 PASS : TRUE
SVD_METRIC_2 matrix type svdrandom, RxC 27x96, chunk_size 32, error_limit 50 PASS : TRUE
SVD_METRIC_3 matrix type svdrandom, RxC 27x96, chunk_size 32, error_limit 50 PASS : TRUE
SVD_METRIC_4 matrix type svdrandom, RxC 27x96, chunk_size 32, error_limit 50 PASS : TRUE
SVD_METRIC_1 matrix type svdrandom, RxC 53x96, chunk_size 32, error_limit 50 PASS : TRUE
SVD_METRIC_2 matrix type svdrandom, RxC 53x96, chunk_size 32, error_limit 50 PASS : TRUE
SVD_METRIC_3 matrix type svdrandom, RxC 53x96, chunk_size 32, error_limit 50 PASS : TRUE
SVD_METRIC_4 matrix type svdrandom, RxC 53x96, chunk_size 32, error_limit 50 PASS : TRUE
SVD_METRIC_1 matrix type svdrandom, RxC 79x96, chunk_size 32, error_limit 50 PASS : TRUE
SVD_METRIC_2 matrix type svdrandom, RxC 79x96, chunk_size 32, error_limit 50 PASS : TRUE
SVD_METRIC_3 matrix type svdrandom, RxC 79x96, chunk_size 32, error_limit 50 PASS : TRUE
SVD_METRIC_4 matrix type svdrandom, RxC 79x96, chunk_size 32, error_limit 50 PASS : TRUE
SVD_METRIC_1 matrix type svdrandom, RxC 96x1, chunk_size 32, error_limit 50 PASS : TRUE
SVD_METRIC_2 matrix type svdrandom, RxC 96x1, chunk_size 32, error_limit 50 PASS : TRUE
SVD_METRIC_3 matrix type svdrandom, RxC 96x1, chunk_size 32, error_limit 50 PASS : TRUE
SVD_METRIC_4 matrix type svdrandom, RxC 96x1, chunk_size 32, error_limit 50 PASS : TRUE
SVD_METRIC_1 matrix type svdrandom, RxC 96x27, chunk_size 32, error_limit 50 PASS : TRUE
SVD_METRIC_2 matrix type svdrandom, RxC 96x27, chunk_size 32, error_limit 50 PASS : TRUE
SVD_METRIC_3 matrix type svdrandom, RxC 96x27, chunk_size 32, error_limit 50 PASS : TRUE
SVD_METRIC_4 matrix type svdrandom, RxC 96x27, chunk_size 32, error_limit 50 PASS : TRUE
SVD_METRIC_1 matrix type svdrandom, RxC 96x53, chunk_size 32, error_limit 50 PASS : TRUE
SVD_METRIC_2 matrix type svdrandom, RxC 96x53, chunk_size 32, error_limit 50 PASS : TRUE
SVD_METRIC_3 matrix type svdrandom, RxC 96x53, chunk_size 32, error_limit 50 PASS : TRUE
SVD_METRIC_4 matrix type svdrandom, RxC 96x53, chunk_size 32, error_limit 50 PASS : TRUE
SVD_METRIC_1 matrix type svdrandom, RxC 96x79, chunk_size 32, error_limit 50 PASS : TRUE
SVD_METRIC_2 matrix type svdrandom, RxC 96x79, chunk_size 32, error_limit 50 PASS : TRUE
SVD_METRIC_3 matrix type svdrandom, RxC 96x79, chunk_size 32, error_limit 50 PASS : TRUE
SVD_METRIC_4 matrix type svdrandom, RxC 96x79, chunk_size 32, error_limit 50 PASS : TRUE
SVD_METRIC_1 matrix type svdrandom, RxC 96x96, chunk_size 32, error_limit 50 PASS : TRUE
SVD_METRIC_2 matrix type svdrandom, RxC 96x96, chunk_size 32, error_limit 50 PASS : TRUE
SVD_METRIC_3 matrix type svdrandom, RxC 96x96, chunk_size 32, error_limit 50 PASS : TRUE
SVD_METRIC_4 matrix type svdrandom, RxC 96x96, chunk_size 32, error_limit 50 PASS : TRUE

