SCIDB QUERY : <_fold(apply(build(<v:int64>[i=3:5;j=7:9],i+j+1),w,10*v,x,100*v))>
{i} v,w,x,$v_1,$w_1,$x_1,$v_2,$w_2,$x_2
{3} 11,110,1100,12,120,1200,13,130,1300
{4} 12,120,1200,13,130,1300,14,140,1400
{5} 13,130,1300,14,140,1400,15,150,1500

SCIDB QUERY : <_fold(apply(build(<v:int64>[i=3:5:0:3;j=7:9],i+j+1),w,10*v,x,100*v))>
{i} v,w,x,$v_1,$w_1,$x_1,$v_2,$w_2,$x_2
{3} 11,110,1100,12,120,1200,13,130,1300
{4} 12,120,1200,13,130,1300,14,140,1400
{5} 13,130,1300,14,140,1400,15,150,1500

SCIDB QUERY : <_fold(apply(build(<v:int64>[i=3:5:0:2;j=7:9],i+j+1),w,10*v,x,100*v))>
{i} v,w,x,$v_1,$w_1,$x_1,$v_2,$w_2,$x_2
{3} 11,110,1100,12,120,1200,13,130,1300
{4} 12,120,1200,13,130,1300,14,140,1400
{5} 13,130,1300,14,140,1400,15,150,1500

SCIDB QUERY : <_fold(apply(build(<v:int64>[i=3:5:0:1;j=7:9],i+j+1),w,10*v,x,100*v))>
{i} v,w,x,$v_1,$w_1,$x_1,$v_2,$w_2,$x_2
{3} 11,110,1100,12,120,1200,13,130,1300
{4} 12,120,1200,13,130,1300,14,140,1400
{5} 13,130,1300,14,140,1400,15,150,1500

SCIDB QUERY : <_fold(apply(build(<v:int64>[i=3:5:0:1;j=7:9:0:3],i+j+1),w,10*v,x,100*v))>
{i} v,w,x,$v_1,$w_1,$x_1,$v_2,$w_2,$x_2
{3} 11,110,1100,12,120,1200,13,130,1300
{4} 12,120,1200,13,130,1300,14,140,1400
{5} 13,130,1300,14,140,1400,15,150,1500

