SCIDB QUERY : <load_library('dense_linear_algebra')>
Query was executed successfully

SCIDB QUERY : <_mpirank(build(<v:double>[i=0:64-1,32,0, j=0:64-1,32,0],0))>
{i_1,i_2} left
{0,0} 0
{0,1} 0
{0,2} 0
{0,3} 0
{0,4} 0
{0,5} 0
{0,6} 0
{0,7} 0
{0,8} 0
{0,9} 0
{0,10} 0
{0,11} 0
{0,12} 0
{0,13} 0
{0,14} 0
{0,15} 0
{0,16} 0
{0,17} 0
{0,18} 0
{0,19} 0
{0,20} 0
{0,21} 0
{0,22} 0
{0,23} 0
{0,24} 0
{0,25} 0
{0,26} 0
{0,27} 0
{0,28} 0
{0,29} 0
{0,30} 0
{0,31} 0
{1,0} 0
{1,1} 0
{1,2} 0
{1,3} 0
{1,4} 0
{1,5} 0
{1,6} 0
{1,7} 0
{1,8} 0
{1,9} 0
{1,10} 0
{1,11} 0
{1,12} 0
{1,13} 0
{1,14} 0
{1,15} 0
{1,16} 0
{1,17} 0
{1,18} 0
{1,19} 0
{1,20} 0
{1,21} 0
{1,22} 0
{1,23} 0
{1,24} 0
{1,25} 0
{1,26} 0
{1,27} 0
{1,28} 0
{1,29} 0
{1,30} 0
{1,31} 0
{2,0} 0
{2,1} 0
{2,2} 0
{2,3} 0
{2,4} 0
{2,5} 0
{2,6} 0
{2,7} 0
{2,8} 0
{2,9} 0
{2,10} 0
{2,11} 0
{2,12} 0
{2,13} 0
{2,14} 0
{2,15} 0
{2,16} 0
{2,17} 0
{2,18} 0
{2,19} 0
{2,20} 0
{2,21} 0
{2,22} 0
{2,23} 0
{2,24} 0
{2,25} 0
{2,26} 0
{2,27} 0
{2,28} 0
{2,29} 0
{2,30} 0
{2,31} 0
{3,0} 0
{3,1} 0
{3,2} 0
{3,3} 0
{3,4} 0
{3,5} 0
{3,6} 0
{3,7} 0
{3,8} 0
{3,9} 0
{3,10} 0
{3,11} 0
{3,12} 0
{3,13} 0
{3,14} 0
{3,15} 0
{3,16} 0
{3,17} 0
{3,18} 0
{3,19} 0
{3,20} 0
{3,21} 0
{3,22} 0
{3,23} 0
{3,24} 0
{3,25} 0
{3,26} 0
{3,27} 0
{3,28} 0
{3,29} 0
{3,30} 0
{3,31} 0
{4,0} 0
{4,1} 0
{4,2} 0
{4,3} 0
{4,4} 0
{4,5} 0
{4,6} 0
{4,7} 0
{4,8} 0
{4,9} 0
{4,10} 0
{4,11} 0
{4,12} 0
{4,13} 0
{4,14} 0
{4,15} 0
{4,16} 0
{4,17} 0
{4,18} 0
{4,19} 0
{4,20} 0
{4,21} 0
{4,22} 0
{4,23} 0
{4,24} 0
{4,25} 0
{4,26} 0
{4,27} 0
{4,28} 0
{4,29} 0
{4,30} 0
{4,31} 0
{5,0} 0
{5,1} 0
{5,2} 0
{5,3} 0
{5,4} 0
{5,5} 0
{5,6} 0
{5,7} 0
{5,8} 0
{5,9} 0
{5,10} 0
{5,11} 0
{5,12} 0
{5,13} 0
{5,14} 0
{5,15} 0
{5,16} 0
{5,17} 0
{5,18} 0
{5,19} 0
{5,20} 0
{5,21} 0
{5,22} 0
{5,23} 0
{5,24} 0
{5,25} 0
{5,26} 0
{5,27} 0
{5,28} 0
{5,29} 0
{5,30} 0
{5,31} 0
{6,0} 0
{6,1} 0
{6,2} 0
{6,3} 0
{6,4} 0
{6,5} 0
{6,6} 0
{6,7} 0
{6,8} 0
{6,9} 0
{6,10} 0
{6,11} 0
{6,12} 0
{6,13} 0
{6,14} 0
{6,15} 0
{6,16} 0
{6,17} 0
{6,18} 0
{6,19} 0
{6,20} 0
{6,21} 0
{6,22} 0
{6,23} 0
{6,24} 0
{6,25} 0
{6,26} 0
{6,27} 0
{6,28} 0
{6,29} 0
{6,30} 0
{6,31} 0
{7,0} 0
{7,1} 0
{7,2} 0
{7,3} 0
{7,4} 0
{7,5} 0
{7,6} 0
{7,7} 0
{7,8} 0
{7,9} 0
{7,10} 0
{7,11} 0
{7,12} 0
{7,13} 0
{7,14} 0
{7,15} 0
{7,16} 0
{7,17} 0
{7,18} 0
{7,19} 0
{7,20} 0
{7,21} 0
{7,22} 0
{7,23} 0
{7,24} 0
{7,25} 0
{7,26} 0
{7,27} 0
{7,28} 0
{7,29} 0
{7,30} 0
{7,31} 0
{8,0} 0
{8,1} 0
{8,2} 0
{8,3} 0
{8,4} 0
{8,5} 0
{8,6} 0
{8,7} 0
{8,8} 0
{8,9} 0
{8,10} 0
{8,11} 0
{8,12} 0
{8,13} 0
{8,14} 0
{8,15} 0
{8,16} 0
{8,17} 0
{8,18} 0
{8,19} 0
{8,20} 0
{8,21} 0
{8,22} 0
{8,23} 0
{8,24} 0
{8,25} 0
{8,26} 0
{8,27} 0
{8,28} 0
{8,29} 0
{8,30} 0
{8,31} 0
{9,0} 0
{9,1} 0
{9,2} 0
{9,3} 0
{9,4} 0
{9,5} 0
{9,6} 0
{9,7} 0
{9,8} 0
{9,9} 0
{9,10} 0
{9,11} 0
{9,12} 0
{9,13} 0
{9,14} 0
{9,15} 0
{9,16} 0
{9,17} 0
{9,18} 0
{9,19} 0
{9,20} 0
{9,21} 0
{9,22} 0
{9,23} 0
{9,24} 0
{9,25} 0
{9,26} 0
{9,27} 0
{9,28} 0
{9,29} 0
{9,30} 0
{9,31} 0
{10,0} 0
{10,1} 0
{10,2} 0
{10,3} 0
{10,4} 0
{10,5} 0
{10,6} 0
{10,7} 0
{10,8} 0
{10,9} 0
{10,10} 0
{10,11} 0
{10,12} 0
{10,13} 0
{10,14} 0
{10,15} 0
{10,16} 0
{10,17} 0
{10,18} 0
{10,19} 0
{10,20} 0
{10,21} 0
{10,22} 0
{10,23} 0
{10,24} 0
{10,25} 0
{10,26} 0
{10,27} 0
{10,28} 0
{10,29} 0
{10,30} 0
{10,31} 0
{11,0} 0
{11,1} 0
{11,2} 0
{11,3} 0
{11,4} 0
{11,5} 0
{11,6} 0
{11,7} 0
{11,8} 0
{11,9} 0
{11,10} 0
{11,11} 0
{11,12} 0
{11,13} 0
{11,14} 0
{11,15} 0
{11,16} 0
{11,17} 0
{11,18} 0
{11,19} 0
{11,20} 0
{11,21} 0
{11,22} 0
{11,23} 0
{11,24} 0
{11,25} 0
{11,26} 0
{11,27} 0
{11,28} 0
{11,29} 0
{11,30} 0
{11,31} 0
{12,0} 0
{12,1} 0
{12,2} 0
{12,3} 0
{12,4} 0
{12,5} 0
{12,6} 0
{12,7} 0
{12,8} 0
{12,9} 0
{12,10} 0
{12,11} 0
{12,12} 0
{12,13} 0
{12,14} 0
{12,15} 0
{12,16} 0
{12,17} 0
{12,18} 0
{12,19} 0
{12,20} 0
{12,21} 0
{12,22} 0
{12,23} 0
{12,24} 0
{12,25} 0
{12,26} 0
{12,27} 0
{12,28} 0
{12,29} 0
{12,30} 0
{12,31} 0
{13,0} 0
{13,1} 0
{13,2} 0
{13,3} 0
{13,4} 0
{13,5} 0
{13,6} 0
{13,7} 0
{13,8} 0
{13,9} 0
{13,10} 0
{13,11} 0
{13,12} 0
{13,13} 0
{13,14} 0
{13,15} 0
{13,16} 0
{13,17} 0
{13,18} 0
{13,19} 0
{13,20} 0
{13,21} 0
{13,22} 0
{13,23} 0
{13,24} 0
{13,25} 0
{13,26} 0
{13,27} 0
{13,28} 0
{13,29} 0
{13,30} 0
{13,31} 0
{14,0} 0
{14,1} 0
{14,2} 0
{14,3} 0
{14,4} 0
{14,5} 0
{14,6} 0
{14,7} 0
{14,8} 0
{14,9} 0
{14,10} 0
{14,11} 0
{14,12} 0
{14,13} 0
{14,14} 0
{14,15} 0
{14,16} 0
{14,17} 0
{14,18} 0
{14,19} 0
{14,20} 0
{14,21} 0
{14,22} 0
{14,23} 0
{14,24} 0
{14,25} 0
{14,26} 0
{14,27} 0
{14,28} 0
{14,29} 0
{14,30} 0
{14,31} 0
{15,0} 0
{15,1} 0
{15,2} 0
{15,3} 0
{15,4} 0
{15,5} 0
{15,6} 0
{15,7} 0
{15,8} 0
{15,9} 0
{15,10} 0
{15,11} 0
{15,12} 0
{15,13} 0
{15,14} 0
{15,15} 0
{15,16} 0
{15,17} 0
{15,18} 0
{15,19} 0
{15,20} 0
{15,21} 0
{15,22} 0
{15,23} 0
{15,24} 0
{15,25} 0
{15,26} 0
{15,27} 0
{15,28} 0
{15,29} 0
{15,30} 0
{15,31} 0
{16,0} 0
{16,1} 0
{16,2} 0
{16,3} 0
{16,4} 0
{16,5} 0
{16,6} 0
{16,7} 0
{16,8} 0
{16,9} 0
{16,10} 0
{16,11} 0
{16,12} 0
{16,13} 0
{16,14} 0
{16,15} 0
{16,16} 0
{16,17} 0
{16,18} 0
{16,19} 0
{16,20} 0
{16,21} 0
{16,22} 0
{16,23} 0
{16,24} 0
{16,25} 0
{16,26} 0
{16,27} 0
{16,28} 0
{16,29} 0
{16,30} 0
{16,31} 0
{17,0} 0
{17,1} 0
{17,2} 0
{17,3} 0
{17,4} 0
{17,5} 0
{17,6} 0
{17,7} 0
{17,8} 0
{17,9} 0
{17,10} 0
{17,11} 0
{17,12} 0
{17,13} 0
{17,14} 0
{17,15} 0
{17,16} 0
{17,17} 0
{17,18} 0
{17,19} 0
{17,20} 0
{17,21} 0
{17,22} 0
{17,23} 0
{17,24} 0
{17,25} 0
{17,26} 0
{17,27} 0
{17,28} 0
{17,29} 0
{17,30} 0
{17,31} 0
{18,0} 0
{18,1} 0
{18,2} 0
{18,3} 0
{18,4} 0
{18,5} 0
{18,6} 0
{18,7} 0
{18,8} 0
{18,9} 0
{18,10} 0
{18,11} 0
{18,12} 0
{18,13} 0
{18,14} 0
{18,15} 0
{18,16} 0
{18,17} 0
{18,18} 0
{18,19} 0
{18,20} 0
{18,21} 0
{18,22} 0
{18,23} 0
{18,24} 0
{18,25} 0
{18,26} 0
{18,27} 0
{18,28} 0
{18,29} 0
{18,30} 0
{18,31} 0
{19,0} 0
{19,1} 0
{19,2} 0
{19,3} 0
{19,4} 0
{19,5} 0
{19,6} 0
{19,7} 0
{19,8} 0
{19,9} 0
{19,10} 0
{19,11} 0
{19,12} 0
{19,13} 0
{19,14} 0
{19,15} 0
{19,16} 0
{19,17} 0
{19,18} 0
{19,19} 0
{19,20} 0
{19,21} 0
{19,22} 0
{19,23} 0
{19,24} 0
{19,25} 0
{19,26} 0
{19,27} 0
{19,28} 0
{19,29} 0
{19,30} 0
{19,31} 0
{20,0} 0
{20,1} 0
{20,2} 0
{20,3} 0
{20,4} 0
{20,5} 0
{20,6} 0
{20,7} 0
{20,8} 0
{20,9} 0
{20,10} 0
{20,11} 0
{20,12} 0
{20,13} 0
{20,14} 0
{20,15} 0
{20,16} 0
{20,17} 0
{20,18} 0
{20,19} 0
{20,20} 0
{20,21} 0
{20,22} 0
{20,23} 0
{20,24} 0
{20,25} 0
{20,26} 0
{20,27} 0
{20,28} 0
{20,29} 0
{20,30} 0
{20,31} 0
{21,0} 0
{21,1} 0
{21,2} 0
{21,3} 0
{21,4} 0
{21,5} 0
{21,6} 0
{21,7} 0
{21,8} 0
{21,9} 0
{21,10} 0
{21,11} 0
{21,12} 0
{21,13} 0
{21,14} 0
{21,15} 0
{21,16} 0
{21,17} 0
{21,18} 0
{21,19} 0
{21,20} 0
{21,21} 0
{21,22} 0
{21,23} 0
{21,24} 0
{21,25} 0
{21,26} 0
{21,27} 0
{21,28} 0
{21,29} 0
{21,30} 0
{21,31} 0
{22,0} 0
{22,1} 0
{22,2} 0
{22,3} 0
{22,4} 0
{22,5} 0
{22,6} 0
{22,7} 0
{22,8} 0
{22,9} 0
{22,10} 0
{22,11} 0
{22,12} 0
{22,13} 0
{22,14} 0
{22,15} 0
{22,16} 0
{22,17} 0
{22,18} 0
{22,19} 0
{22,20} 0
{22,21} 0
{22,22} 0
{22,23} 0
{22,24} 0
{22,25} 0
{22,26} 0
{22,27} 0
{22,28} 0
{22,29} 0
{22,30} 0
{22,31} 0
{23,0} 0
{23,1} 0
{23,2} 0
{23,3} 0
{23,4} 0
{23,5} 0
{23,6} 0
{23,7} 0
{23,8} 0
{23,9} 0
{23,10} 0
{23,11} 0
{23,12} 0
{23,13} 0
{23,14} 0
{23,15} 0
{23,16} 0
{23,17} 0
{23,18} 0
{23,19} 0
{23,20} 0
{23,21} 0
{23,22} 0
{23,23} 0
{23,24} 0
{23,25} 0
{23,26} 0
{23,27} 0
{23,28} 0
{23,29} 0
{23,30} 0
{23,31} 0
{24,0} 0
{24,1} 0
{24,2} 0
{24,3} 0
{24,4} 0
{24,5} 0
{24,6} 0
{24,7} 0
{24,8} 0
{24,9} 0
{24,10} 0
{24,11} 0
{24,12} 0
{24,13} 0
{24,14} 0
{24,15} 0
{24,16} 0
{24,17} 0
{24,18} 0
{24,19} 0
{24,20} 0
{24,21} 0
{24,22} 0
{24,23} 0
{24,24} 0
{24,25} 0
{24,26} 0
{24,27} 0
{24,28} 0
{24,29} 0
{24,30} 0
{24,31} 0
{25,0} 0
{25,1} 0
{25,2} 0
{25,3} 0
{25,4} 0
{25,5} 0
{25,6} 0
{25,7} 0
{25,8} 0
{25,9} 0
{25,10} 0
{25,11} 0
{25,12} 0
{25,13} 0
{25,14} 0
{25,15} 0
{25,16} 0
{25,17} 0
{25,18} 0
{25,19} 0
{25,20} 0
{25,21} 0
{25,22} 0
{25,23} 0
{25,24} 0
{25,25} 0
{25,26} 0
{25,27} 0
{25,28} 0
{25,29} 0
{25,30} 0
{25,31} 0
{26,0} 0
{26,1} 0
{26,2} 0
{26,3} 0
{26,4} 0
{26,5} 0
{26,6} 0
{26,7} 0
{26,8} 0
{26,9} 0
{26,10} 0
{26,11} 0
{26,12} 0
{26,13} 0
{26,14} 0
{26,15} 0
{26,16} 0
{26,17} 0
{26,18} 0
{26,19} 0
{26,20} 0
{26,21} 0
{26,22} 0
{26,23} 0
{26,24} 0
{26,25} 0
{26,26} 0
{26,27} 0
{26,28} 0
{26,29} 0
{26,30} 0
{26,31} 0
{27,0} 0
{27,1} 0
{27,2} 0
{27,3} 0
{27,4} 0
{27,5} 0
{27,6} 0
{27,7} 0
{27,8} 0
{27,9} 0
{27,10} 0
{27,11} 0
{27,12} 0
{27,13} 0
{27,14} 0
{27,15} 0
{27,16} 0
{27,17} 0
{27,18} 0
{27,19} 0
{27,20} 0
{27,21} 0
{27,22} 0
{27,23} 0
{27,24} 0
{27,25} 0
{27,26} 0
{27,27} 0
{27,28} 0
{27,29} 0
{27,30} 0
{27,31} 0
{28,0} 0
{28,1} 0
{28,2} 0
{28,3} 0
{28,4} 0
{28,5} 0
{28,6} 0
{28,7} 0
{28,8} 0
{28,9} 0
{28,10} 0
{28,11} 0
{28,12} 0
{28,13} 0
{28,14} 0
{28,15} 0
{28,16} 0
{28,17} 0
{28,18} 0
{28,19} 0
{28,20} 0
{28,21} 0
{28,22} 0
{28,23} 0
{28,24} 0
{28,25} 0
{28,26} 0
{28,27} 0
{28,28} 0
{28,29} 0
{28,30} 0
{28,31} 0
{29,0} 0
{29,1} 0
{29,2} 0
{29,3} 0
{29,4} 0
{29,5} 0
{29,6} 0
{29,7} 0
{29,8} 0
{29,9} 0
{29,10} 0
{29,11} 0
{29,12} 0
{29,13} 0
{29,14} 0
{29,15} 0
{29,16} 0
{29,17} 0
{29,18} 0
{29,19} 0
{29,20} 0
{29,21} 0
{29,22} 0
{29,23} 0
{29,24} 0
{29,25} 0
{29,26} 0
{29,27} 0
{29,28} 0
{29,29} 0
{29,30} 0
{29,31} 0
{30,0} 0
{30,1} 0
{30,2} 0
{30,3} 0
{30,4} 0
{30,5} 0
{30,6} 0
{30,7} 0
{30,8} 0
{30,9} 0
{30,10} 0
{30,11} 0
{30,12} 0
{30,13} 0
{30,14} 0
{30,15} 0
{30,16} 0
{30,17} 0
{30,18} 0
{30,19} 0
{30,20} 0
{30,21} 0
{30,22} 0
{30,23} 0
{30,24} 0
{30,25} 0
{30,26} 0
{30,27} 0
{30,28} 0
{30,29} 0
{30,30} 0
{30,31} 0
{31,0} 0
{31,1} 0
{31,2} 0
{31,3} 0
{31,4} 0
{31,5} 0
{31,6} 0
{31,7} 0
{31,8} 0
{31,9} 0
{31,10} 0
{31,11} 0
{31,12} 0
{31,13} 0
{31,14} 0
{31,15} 0
{31,16} 0
{31,17} 0
{31,18} 0
{31,19} 0
{31,20} 0
{31,21} 0
{31,22} 0
{31,23} 0
{31,24} 0
{31,25} 0
{31,26} 0
{31,27} 0
{31,28} 0
{31,29} 0
{31,30} 0
{31,31} 0
{0,32} 1
{0,33} 1
{0,34} 1
{0,35} 1
{0,36} 1
{0,37} 1
{0,38} 1
{0,39} 1
{0,40} 1
{0,41} 1
{0,42} 1
{0,43} 1
{0,44} 1
{0,45} 1
{0,46} 1
{0,47} 1
{0,48} 1
{0,49} 1
{0,50} 1
{0,51} 1
{0,52} 1
{0,53} 1
{0,54} 1
{0,55} 1
{0,56} 1
{0,57} 1
{0,58} 1
{0,59} 1
{0,60} 1
{0,61} 1
{0,62} 1
{0,63} 1
{1,32} 1
{1,33} 1
{1,34} 1
{1,35} 1
{1,36} 1
{1,37} 1
{1,38} 1
{1,39} 1
{1,40} 1
{1,41} 1
{1,42} 1
{1,43} 1
{1,44} 1
{1,45} 1
{1,46} 1
{1,47} 1
{1,48} 1
{1,49} 1
{1,50} 1
{1,51} 1
{1,52} 1
{1,53} 1
{1,54} 1
{1,55} 1
{1,56} 1
{1,57} 1
{1,58} 1
{1,59} 1
{1,60} 1
{1,61} 1
{1,62} 1
{1,63} 1
{2,32} 1
{2,33} 1
{2,34} 1
{2,35} 1
{2,36} 1
{2,37} 1
{2,38} 1
{2,39} 1
{2,40} 1
{2,41} 1
{2,42} 1
{2,43} 1
{2,44} 1
{2,45} 1
{2,46} 1
{2,47} 1
{2,48} 1
{2,49} 1
{2,50} 1
{2,51} 1
{2,52} 1
{2,53} 1
{2,54} 1
{2,55} 1
{2,56} 1
{2,57} 1
{2,58} 1
{2,59} 1
{2,60} 1
{2,61} 1
{2,62} 1
{2,63} 1
{3,32} 1
{3,33} 1
{3,34} 1
{3,35} 1
{3,36} 1
{3,37} 1
{3,38} 1
{3,39} 1
{3,40} 1
{3,41} 1
{3,42} 1
{3,43} 1
{3,44} 1
{3,45} 1
{3,46} 1
{3,47} 1
{3,48} 1
{3,49} 1
{3,50} 1
{3,51} 1
{3,52} 1
{3,53} 1
{3,54} 1
{3,55} 1
{3,56} 1
{3,57} 1
{3,58} 1
{3,59} 1
{3,60} 1
{3,61} 1
{3,62} 1
{3,63} 1
{4,32} 1
{4,33} 1
{4,34} 1
{4,35} 1
{4,36} 1
{4,37} 1
{4,38} 1
{4,39} 1
{4,40} 1
{4,41} 1
{4,42} 1
{4,43} 1
{4,44} 1
{4,45} 1
{4,46} 1
{4,47} 1
{4,48} 1
{4,49} 1
{4,50} 1
{4,51} 1
{4,52} 1
{4,53} 1
{4,54} 1
{4,55} 1
{4,56} 1
{4,57} 1
{4,58} 1
{4,59} 1
{4,60} 1
{4,61} 1
{4,62} 1
{4,63} 1
{5,32} 1
{5,33} 1
{5,34} 1
{5,35} 1
{5,36} 1
{5,37} 1
{5,38} 1
{5,39} 1
{5,40} 1
{5,41} 1
{5,42} 1
{5,43} 1
{5,44} 1
{5,45} 1
{5,46} 1
{5,47} 1
{5,48} 1
{5,49} 1
{5,50} 1
{5,51} 1
{5,52} 1
{5,53} 1
{5,54} 1
{5,55} 1
{5,56} 1
{5,57} 1
{5,58} 1
{5,59} 1
{5,60} 1
{5,61} 1
{5,62} 1
{5,63} 1
{6,32} 1
{6,33} 1
{6,34} 1
{6,35} 1
{6,36} 1
{6,37} 1
{6,38} 1
{6,39} 1
{6,40} 1
{6,41} 1
{6,42} 1
{6,43} 1
{6,44} 1
{6,45} 1
{6,46} 1
{6,47} 1
{6,48} 1
{6,49} 1
{6,50} 1
{6,51} 1
{6,52} 1
{6,53} 1
{6,54} 1
{6,55} 1
{6,56} 1
{6,57} 1
{6,58} 1
{6,59} 1
{6,60} 1
{6,61} 1
{6,62} 1
{6,63} 1
{7,32} 1
{7,33} 1
{7,34} 1
{7,35} 1
{7,36} 1
{7,37} 1
{7,38} 1
{7,39} 1
{7,40} 1
{7,41} 1
{7,42} 1
{7,43} 1
{7,44} 1
{7,45} 1
{7,46} 1
{7,47} 1
{7,48} 1
{7,49} 1
{7,50} 1
{7,51} 1
{7,52} 1
{7,53} 1
{7,54} 1
{7,55} 1
{7,56} 1
{7,57} 1
{7,58} 1
{7,59} 1
{7,60} 1
{7,61} 1
{7,62} 1
{7,63} 1
{8,32} 1
{8,33} 1
{8,34} 1
{8,35} 1
{8,36} 1
{8,37} 1
{8,38} 1
{8,39} 1
{8,40} 1
{8,41} 1
{8,42} 1
{8,43} 1
{8,44} 1
{8,45} 1
{8,46} 1
{8,47} 1
{8,48} 1
{8,49} 1
{8,50} 1
{8,51} 1
{8,52} 1
{8,53} 1
{8,54} 1
{8,55} 1
{8,56} 1
{8,57} 1
{8,58} 1
{8,59} 1
{8,60} 1
{8,61} 1
{8,62} 1
{8,63} 1
{9,32} 1
{9,33} 1
{9,34} 1
{9,35} 1
{9,36} 1
{9,37} 1
{9,38} 1
{9,39} 1
{9,40} 1
{9,41} 1
{9,42} 1
{9,43} 1
{9,44} 1
{9,45} 1
{9,46} 1
{9,47} 1
{9,48} 1
{9,49} 1
{9,50} 1
{9,51} 1
{9,52} 1
{9,53} 1
{9,54} 1
{9,55} 1
{9,56} 1
{9,57} 1
{9,58} 1
{9,59} 1
{9,60} 1
{9,61} 1
{9,62} 1
{9,63} 1
{10,32} 1
{10,33} 1
{10,34} 1
{10,35} 1
{10,36} 1
{10,37} 1
{10,38} 1
{10,39} 1
{10,40} 1
{10,41} 1
{10,42} 1
{10,43} 1
{10,44} 1
{10,45} 1
{10,46} 1
{10,47} 1
{10,48} 1
{10,49} 1
{10,50} 1
{10,51} 1
{10,52} 1
{10,53} 1
{10,54} 1
{10,55} 1
{10,56} 1
{10,57} 1
{10,58} 1
{10,59} 1
{10,60} 1
{10,61} 1
{10,62} 1
{10,63} 1
{11,32} 1
{11,33} 1
{11,34} 1
{11,35} 1
{11,36} 1
{11,37} 1
{11,38} 1
{11,39} 1
{11,40} 1
{11,41} 1
{11,42} 1
{11,43} 1
{11,44} 1
{11,45} 1
{11,46} 1
{11,47} 1
{11,48} 1
{11,49} 1
{11,50} 1
{11,51} 1
{11,52} 1
{11,53} 1
{11,54} 1
{11,55} 1
{11,56} 1
{11,57} 1
{11,58} 1
{11,59} 1
{11,60} 1
{11,61} 1
{11,62} 1
{11,63} 1
{12,32} 1
{12,33} 1
{12,34} 1
{12,35} 1
{12,36} 1
{12,37} 1
{12,38} 1
{12,39} 1
{12,40} 1
{12,41} 1
{12,42} 1
{12,43} 1
{12,44} 1
{12,45} 1
{12,46} 1
{12,47} 1
{12,48} 1
{12,49} 1
{12,50} 1
{12,51} 1
{12,52} 1
{12,53} 1
{12,54} 1
{12,55} 1
{12,56} 1
{12,57} 1
{12,58} 1
{12,59} 1
{12,60} 1
{12,61} 1
{12,62} 1
{12,63} 1
{13,32} 1
{13,33} 1
{13,34} 1
{13,35} 1
{13,36} 1
{13,37} 1
{13,38} 1
{13,39} 1
{13,40} 1
{13,41} 1
{13,42} 1
{13,43} 1
{13,44} 1
{13,45} 1
{13,46} 1
{13,47} 1
{13,48} 1
{13,49} 1
{13,50} 1
{13,51} 1
{13,52} 1
{13,53} 1
{13,54} 1
{13,55} 1
{13,56} 1
{13,57} 1
{13,58} 1
{13,59} 1
{13,60} 1
{13,61} 1
{13,62} 1
{13,63} 1
{14,32} 1
{14,33} 1
{14,34} 1
{14,35} 1
{14,36} 1
{14,37} 1
{14,38} 1
{14,39} 1
{14,40} 1
{14,41} 1
{14,42} 1
{14,43} 1
{14,44} 1
{14,45} 1
{14,46} 1
{14,47} 1
{14,48} 1
{14,49} 1
{14,50} 1
{14,51} 1
{14,52} 1
{14,53} 1
{14,54} 1
{14,55} 1
{14,56} 1
{14,57} 1
{14,58} 1
{14,59} 1
{14,60} 1
{14,61} 1
{14,62} 1
{14,63} 1
{15,32} 1
{15,33} 1
{15,34} 1
{15,35} 1
{15,36} 1
{15,37} 1
{15,38} 1
{15,39} 1
{15,40} 1
{15,41} 1
{15,42} 1
{15,43} 1
{15,44} 1
{15,45} 1
{15,46} 1
{15,47} 1
{15,48} 1
{15,49} 1
{15,50} 1
{15,51} 1
{15,52} 1
{15,53} 1
{15,54} 1
{15,55} 1
{15,56} 1
{15,57} 1
{15,58} 1
{15,59} 1
{15,60} 1
{15,61} 1
{15,62} 1
{15,63} 1
{16,32} 1
{16,33} 1
{16,34} 1
{16,35} 1
{16,36} 1
{16,37} 1
{16,38} 1
{16,39} 1
{16,40} 1
{16,41} 1
{16,42} 1
{16,43} 1
{16,44} 1
{16,45} 1
{16,46} 1
{16,47} 1
{16,48} 1
{16,49} 1
{16,50} 1
{16,51} 1
{16,52} 1
{16,53} 1
{16,54} 1
{16,55} 1
{16,56} 1
{16,57} 1
{16,58} 1
{16,59} 1
{16,60} 1
{16,61} 1
{16,62} 1
{16,63} 1
{17,32} 1
{17,33} 1
{17,34} 1
{17,35} 1
{17,36} 1
{17,37} 1
{17,38} 1
{17,39} 1
{17,40} 1
{17,41} 1
{17,42} 1
{17,43} 1
{17,44} 1
{17,45} 1
{17,46} 1
{17,47} 1
{17,48} 1
{17,49} 1
{17,50} 1
{17,51} 1
{17,52} 1
{17,53} 1
{17,54} 1
{17,55} 1
{17,56} 1
{17,57} 1
{17,58} 1
{17,59} 1
{17,60} 1
{17,61} 1
{17,62} 1
{17,63} 1
{18,32} 1
{18,33} 1
{18,34} 1
{18,35} 1
{18,36} 1
{18,37} 1
{18,38} 1
{18,39} 1
{18,40} 1
{18,41} 1
{18,42} 1
{18,43} 1
{18,44} 1
{18,45} 1
{18,46} 1
{18,47} 1
{18,48} 1
{18,49} 1
{18,50} 1
{18,51} 1
{18,52} 1
{18,53} 1
{18,54} 1
{18,55} 1
{18,56} 1
{18,57} 1
{18,58} 1
{18,59} 1
{18,60} 1
{18,61} 1
{18,62} 1
{18,63} 1
{19,32} 1
{19,33} 1
{19,34} 1
{19,35} 1
{19,36} 1
{19,37} 1
{19,38} 1
{19,39} 1
{19,40} 1
{19,41} 1
{19,42} 1
{19,43} 1
{19,44} 1
{19,45} 1
{19,46} 1
{19,47} 1
{19,48} 1
{19,49} 1
{19,50} 1
{19,51} 1
{19,52} 1
{19,53} 1
{19,54} 1
{19,55} 1
{19,56} 1
{19,57} 1
{19,58} 1
{19,59} 1
{19,60} 1
{19,61} 1
{19,62} 1
{19,63} 1
{20,32} 1
{20,33} 1
{20,34} 1
{20,35} 1
{20,36} 1
{20,37} 1
{20,38} 1
{20,39} 1
{20,40} 1
{20,41} 1
{20,42} 1
{20,43} 1
{20,44} 1
{20,45} 1
{20,46} 1
{20,47} 1
{20,48} 1
{20,49} 1
{20,50} 1
{20,51} 1
{20,52} 1
{20,53} 1
{20,54} 1
{20,55} 1
{20,56} 1
{20,57} 1
{20,58} 1
{20,59} 1
{20,60} 1
{20,61} 1
{20,62} 1
{20,63} 1
{21,32} 1
{21,33} 1
{21,34} 1
{21,35} 1
{21,36} 1
{21,37} 1
{21,38} 1
{21,39} 1
{21,40} 1
{21,41} 1
{21,42} 1
{21,43} 1
{21,44} 1
{21,45} 1
{21,46} 1
{21,47} 1
{21,48} 1
{21,49} 1
{21,50} 1
{21,51} 1
{21,52} 1
{21,53} 1
{21,54} 1
{21,55} 1
{21,56} 1
{21,57} 1
{21,58} 1
{21,59} 1
{21,60} 1
{21,61} 1
{21,62} 1
{21,63} 1
{22,32} 1
{22,33} 1
{22,34} 1
{22,35} 1
{22,36} 1
{22,37} 1
{22,38} 1
{22,39} 1
{22,40} 1
{22,41} 1
{22,42} 1
{22,43} 1
{22,44} 1
{22,45} 1
{22,46} 1
{22,47} 1
{22,48} 1
{22,49} 1
{22,50} 1
{22,51} 1
{22,52} 1
{22,53} 1
{22,54} 1
{22,55} 1
{22,56} 1
{22,57} 1
{22,58} 1
{22,59} 1
{22,60} 1
{22,61} 1
{22,62} 1
{22,63} 1
{23,32} 1
{23,33} 1
{23,34} 1
{23,35} 1
{23,36} 1
{23,37} 1
{23,38} 1
{23,39} 1
{23,40} 1
{23,41} 1
{23,42} 1
{23,43} 1
{23,44} 1
{23,45} 1
{23,46} 1
{23,47} 1
{23,48} 1
{23,49} 1
{23,50} 1
{23,51} 1
{23,52} 1
{23,53} 1
{23,54} 1
{23,55} 1
{23,56} 1
{23,57} 1
{23,58} 1
{23,59} 1
{23,60} 1
{23,61} 1
{23,62} 1
{23,63} 1
{24,32} 1
{24,33} 1
{24,34} 1
{24,35} 1
{24,36} 1
{24,37} 1
{24,38} 1
{24,39} 1
{24,40} 1
{24,41} 1
{24,42} 1
{24,43} 1
{24,44} 1
{24,45} 1
{24,46} 1
{24,47} 1
{24,48} 1
{24,49} 1
{24,50} 1
{24,51} 1
{24,52} 1
{24,53} 1
{24,54} 1
{24,55} 1
{24,56} 1
{24,57} 1
{24,58} 1
{24,59} 1
{24,60} 1
{24,61} 1
{24,62} 1
{24,63} 1
{25,32} 1
{25,33} 1
{25,34} 1
{25,35} 1
{25,36} 1
{25,37} 1
{25,38} 1
{25,39} 1
{25,40} 1
{25,41} 1
{25,42} 1
{25,43} 1
{25,44} 1
{25,45} 1
{25,46} 1
{25,47} 1
{25,48} 1
{25,49} 1
{25,50} 1
{25,51} 1
{25,52} 1
{25,53} 1
{25,54} 1
{25,55} 1
{25,56} 1
{25,57} 1
{25,58} 1
{25,59} 1
{25,60} 1
{25,61} 1
{25,62} 1
{25,63} 1
{26,32} 1
{26,33} 1
{26,34} 1
{26,35} 1
{26,36} 1
{26,37} 1
{26,38} 1
{26,39} 1
{26,40} 1
{26,41} 1
{26,42} 1
{26,43} 1
{26,44} 1
{26,45} 1
{26,46} 1
{26,47} 1
{26,48} 1
{26,49} 1
{26,50} 1
{26,51} 1
{26,52} 1
{26,53} 1
{26,54} 1
{26,55} 1
{26,56} 1
{26,57} 1
{26,58} 1
{26,59} 1
{26,60} 1
{26,61} 1
{26,62} 1
{26,63} 1
{27,32} 1
{27,33} 1
{27,34} 1
{27,35} 1
{27,36} 1
{27,37} 1
{27,38} 1
{27,39} 1
{27,40} 1
{27,41} 1
{27,42} 1
{27,43} 1
{27,44} 1
{27,45} 1
{27,46} 1
{27,47} 1
{27,48} 1
{27,49} 1
{27,50} 1
{27,51} 1
{27,52} 1
{27,53} 1
{27,54} 1
{27,55} 1
{27,56} 1
{27,57} 1
{27,58} 1
{27,59} 1
{27,60} 1
{27,61} 1
{27,62} 1
{27,63} 1
{28,32} 1
{28,33} 1
{28,34} 1
{28,35} 1
{28,36} 1
{28,37} 1
{28,38} 1
{28,39} 1
{28,40} 1
{28,41} 1
{28,42} 1
{28,43} 1
{28,44} 1
{28,45} 1
{28,46} 1
{28,47} 1
{28,48} 1
{28,49} 1
{28,50} 1
{28,51} 1
{28,52} 1
{28,53} 1
{28,54} 1
{28,55} 1
{28,56} 1
{28,57} 1
{28,58} 1
{28,59} 1
{28,60} 1
{28,61} 1
{28,62} 1
{28,63} 1
{29,32} 1
{29,33} 1
{29,34} 1
{29,35} 1
{29,36} 1
{29,37} 1
{29,38} 1
{29,39} 1
{29,40} 1
{29,41} 1
{29,42} 1
{29,43} 1
{29,44} 1
{29,45} 1
{29,46} 1
{29,47} 1
{29,48} 1
{29,49} 1
{29,50} 1
{29,51} 1
{29,52} 1
{29,53} 1
{29,54} 1
{29,55} 1
{29,56} 1
{29,57} 1
{29,58} 1
{29,59} 1
{29,60} 1
{29,61} 1
{29,62} 1
{29,63} 1
{30,32} 1
{30,33} 1
{30,34} 1
{30,35} 1
{30,36} 1
{30,37} 1
{30,38} 1
{30,39} 1
{30,40} 1
{30,41} 1
{30,42} 1
{30,43} 1
{30,44} 1
{30,45} 1
{30,46} 1
{30,47} 1
{30,48} 1
{30,49} 1
{30,50} 1
{30,51} 1
{30,52} 1
{30,53} 1
{30,54} 1
{30,55} 1
{30,56} 1
{30,57} 1
{30,58} 1
{30,59} 1
{30,60} 1
{30,61} 1
{30,62} 1
{30,63} 1
{31,32} 1
{31,33} 1
{31,34} 1
{31,35} 1
{31,36} 1
{31,37} 1
{31,38} 1
{31,39} 1
{31,40} 1
{31,41} 1
{31,42} 1
{31,43} 1
{31,44} 1
{31,45} 1
{31,46} 1
{31,47} 1
{31,48} 1
{31,49} 1
{31,50} 1
{31,51} 1
{31,52} 1
{31,53} 1
{31,54} 1
{31,55} 1
{31,56} 1
{31,57} 1
{31,58} 1
{31,59} 1
{31,60} 1
{31,61} 1
{31,62} 1
{31,63} 1
{32,0} 2
{32,1} 2
{32,2} 2
{32,3} 2
{32,4} 2
{32,5} 2
{32,6} 2
{32,7} 2
{32,8} 2
{32,9} 2
{32,10} 2
{32,11} 2
{32,12} 2
{32,13} 2
{32,14} 2
{32,15} 2
{32,16} 2
{32,17} 2
{32,18} 2
{32,19} 2
{32,20} 2
{32,21} 2
{32,22} 2
{32,23} 2
{32,24} 2
{32,25} 2
{32,26} 2
{32,27} 2
{32,28} 2
{32,29} 2
{32,30} 2
{32,31} 2
{33,0} 2
{33,1} 2
{33,2} 2
{33,3} 2
{33,4} 2
{33,5} 2
{33,6} 2
{33,7} 2
{33,8} 2
{33,9} 2
{33,10} 2
{33,11} 2
{33,12} 2
{33,13} 2
{33,14} 2
{33,15} 2
{33,16} 2
{33,17} 2
{33,18} 2
{33,19} 2
{33,20} 2
{33,21} 2
{33,22} 2
{33,23} 2
{33,24} 2
{33,25} 2
{33,26} 2
{33,27} 2
{33,28} 2
{33,29} 2
{33,30} 2
{33,31} 2
{34,0} 2
{34,1} 2
{34,2} 2
{34,3} 2
{34,4} 2
{34,5} 2
{34,6} 2
{34,7} 2
{34,8} 2
{34,9} 2
{34,10} 2
{34,11} 2
{34,12} 2
{34,13} 2
{34,14} 2
{34,15} 2
{34,16} 2
{34,17} 2
{34,18} 2
{34,19} 2
{34,20} 2
{34,21} 2
{34,22} 2
{34,23} 2
{34,24} 2
{34,25} 2
{34,26} 2
{34,27} 2
{34,28} 2
{34,29} 2
{34,30} 2
{34,31} 2
{35,0} 2
{35,1} 2
{35,2} 2
{35,3} 2
{35,4} 2
{35,5} 2
{35,6} 2
{35,7} 2
{35,8} 2
{35,9} 2
{35,10} 2
{35,11} 2
{35,12} 2
{35,13} 2
{35,14} 2
{35,15} 2
{35,16} 2
{35,17} 2
{35,18} 2
{35,19} 2
{35,20} 2
{35,21} 2
{35,22} 2
{35,23} 2
{35,24} 2
{35,25} 2
{35,26} 2
{35,27} 2
{35,28} 2
{35,29} 2
{35,30} 2
{35,31} 2
{36,0} 2
{36,1} 2
{36,2} 2
{36,3} 2
{36,4} 2
{36,5} 2
{36,6} 2
{36,7} 2
{36,8} 2
{36,9} 2
{36,10} 2
{36,11} 2
{36,12} 2
{36,13} 2
{36,14} 2
{36,15} 2
{36,16} 2
{36,17} 2
{36,18} 2
{36,19} 2
{36,20} 2
{36,21} 2
{36,22} 2
{36,23} 2
{36,24} 2
{36,25} 2
{36,26} 2
{36,27} 2
{36,28} 2
{36,29} 2
{36,30} 2
{36,31} 2
{37,0} 2
{37,1} 2
{37,2} 2
{37,3} 2
{37,4} 2
{37,5} 2
{37,6} 2
{37,7} 2
{37,8} 2
{37,9} 2
{37,10} 2
{37,11} 2
{37,12} 2
{37,13} 2
{37,14} 2
{37,15} 2
{37,16} 2
{37,17} 2
{37,18} 2
{37,19} 2
{37,20} 2
{37,21} 2
{37,22} 2
{37,23} 2
{37,24} 2
{37,25} 2
{37,26} 2
{37,27} 2
{37,28} 2
{37,29} 2
{37,30} 2
{37,31} 2
{38,0} 2
{38,1} 2
{38,2} 2
{38,3} 2
{38,4} 2
{38,5} 2
{38,6} 2
{38,7} 2
{38,8} 2
{38,9} 2
{38,10} 2
{38,11} 2
{38,12} 2
{38,13} 2
{38,14} 2
{38,15} 2
{38,16} 2
{38,17} 2
{38,18} 2
{38,19} 2
{38,20} 2
{38,21} 2
{38,22} 2
{38,23} 2
{38,24} 2
{38,25} 2
{38,26} 2
{38,27} 2
{38,28} 2
{38,29} 2
{38,30} 2
{38,31} 2
{39,0} 2
{39,1} 2
{39,2} 2
{39,3} 2
{39,4} 2
{39,5} 2
{39,6} 2
{39,7} 2
{39,8} 2
{39,9} 2
{39,10} 2
{39,11} 2
{39,12} 2
{39,13} 2
{39,14} 2
{39,15} 2
{39,16} 2
{39,17} 2
{39,18} 2
{39,19} 2
{39,20} 2
{39,21} 2
{39,22} 2
{39,23} 2
{39,24} 2
{39,25} 2
{39,26} 2
{39,27} 2
{39,28} 2
{39,29} 2
{39,30} 2
{39,31} 2
{40,0} 2
{40,1} 2
{40,2} 2
{40,3} 2
{40,4} 2
{40,5} 2
{40,6} 2
{40,7} 2
{40,8} 2
{40,9} 2
{40,10} 2
{40,11} 2
{40,12} 2
{40,13} 2
{40,14} 2
{40,15} 2
{40,16} 2
{40,17} 2
{40,18} 2
{40,19} 2
{40,20} 2
{40,21} 2
{40,22} 2
{40,23} 2
{40,24} 2
{40,25} 2
{40,26} 2
{40,27} 2
{40,28} 2
{40,29} 2
{40,30} 2
{40,31} 2
{41,0} 2
{41,1} 2
{41,2} 2
{41,3} 2
{41,4} 2
{41,5} 2
{41,6} 2
{41,7} 2
{41,8} 2
{41,9} 2
{41,10} 2
{41,11} 2
{41,12} 2
{41,13} 2
{41,14} 2
{41,15} 2
{41,16} 2
{41,17} 2
{41,18} 2
{41,19} 2
{41,20} 2
{41,21} 2
{41,22} 2
{41,23} 2
{41,24} 2
{41,25} 2
{41,26} 2
{41,27} 2
{41,28} 2
{41,29} 2
{41,30} 2
{41,31} 2
{42,0} 2
{42,1} 2
{42,2} 2
{42,3} 2
{42,4} 2
{42,5} 2
{42,6} 2
{42,7} 2
{42,8} 2
{42,9} 2
{42,10} 2
{42,11} 2
{42,12} 2
{42,13} 2
{42,14} 2
{42,15} 2
{42,16} 2
{42,17} 2
{42,18} 2
{42,19} 2
{42,20} 2
{42,21} 2
{42,22} 2
{42,23} 2
{42,24} 2
{42,25} 2
{42,26} 2
{42,27} 2
{42,28} 2
{42,29} 2
{42,30} 2
{42,31} 2
{43,0} 2
{43,1} 2
{43,2} 2
{43,3} 2
{43,4} 2
{43,5} 2
{43,6} 2
{43,7} 2
{43,8} 2
{43,9} 2
{43,10} 2
{43,11} 2
{43,12} 2
{43,13} 2
{43,14} 2
{43,15} 2
{43,16} 2
{43,17} 2
{43,18} 2
{43,19} 2
{43,20} 2
{43,21} 2
{43,22} 2
{43,23} 2
{43,24} 2
{43,25} 2
{43,26} 2
{43,27} 2
{43,28} 2
{43,29} 2
{43,30} 2
{43,31} 2
{44,0} 2
{44,1} 2
{44,2} 2
{44,3} 2
{44,4} 2
{44,5} 2
{44,6} 2
{44,7} 2
{44,8} 2
{44,9} 2
{44,10} 2
{44,11} 2
{44,12} 2
{44,13} 2
{44,14} 2
{44,15} 2
{44,16} 2
{44,17} 2
{44,18} 2
{44,19} 2
{44,20} 2
{44,21} 2
{44,22} 2
{44,23} 2
{44,24} 2
{44,25} 2
{44,26} 2
{44,27} 2
{44,28} 2
{44,29} 2
{44,30} 2
{44,31} 2
{45,0} 2
{45,1} 2
{45,2} 2
{45,3} 2
{45,4} 2
{45,5} 2
{45,6} 2
{45,7} 2
{45,8} 2
{45,9} 2
{45,10} 2
{45,11} 2
{45,12} 2
{45,13} 2
{45,14} 2
{45,15} 2
{45,16} 2
{45,17} 2
{45,18} 2
{45,19} 2
{45,20} 2
{45,21} 2
{45,22} 2
{45,23} 2
{45,24} 2
{45,25} 2
{45,26} 2
{45,27} 2
{45,28} 2
{45,29} 2
{45,30} 2
{45,31} 2
{46,0} 2
{46,1} 2
{46,2} 2
{46,3} 2
{46,4} 2
{46,5} 2
{46,6} 2
{46,7} 2
{46,8} 2
{46,9} 2
{46,10} 2
{46,11} 2
{46,12} 2
{46,13} 2
{46,14} 2
{46,15} 2
{46,16} 2
{46,17} 2
{46,18} 2
{46,19} 2
{46,20} 2
{46,21} 2
{46,22} 2
{46,23} 2
{46,24} 2
{46,25} 2
{46,26} 2
{46,27} 2
{46,28} 2
{46,29} 2
{46,30} 2
{46,31} 2
{47,0} 2
{47,1} 2
{47,2} 2
{47,3} 2
{47,4} 2
{47,5} 2
{47,6} 2
{47,7} 2
{47,8} 2
{47,9} 2
{47,10} 2
{47,11} 2
{47,12} 2
{47,13} 2
{47,14} 2
{47,15} 2
{47,16} 2
{47,17} 2
{47,18} 2
{47,19} 2
{47,20} 2
{47,21} 2
{47,22} 2
{47,23} 2
{47,24} 2
{47,25} 2
{47,26} 2
{47,27} 2
{47,28} 2
{47,29} 2
{47,30} 2
{47,31} 2
{48,0} 2
{48,1} 2
{48,2} 2
{48,3} 2
{48,4} 2
{48,5} 2
{48,6} 2
{48,7} 2
{48,8} 2
{48,9} 2
{48,10} 2
{48,11} 2
{48,12} 2
{48,13} 2
{48,14} 2
{48,15} 2
{48,16} 2
{48,17} 2
{48,18} 2
{48,19} 2
{48,20} 2
{48,21} 2
{48,22} 2
{48,23} 2
{48,24} 2
{48,25} 2
{48,26} 2
{48,27} 2
{48,28} 2
{48,29} 2
{48,30} 2
{48,31} 2
{49,0} 2
{49,1} 2
{49,2} 2
{49,3} 2
{49,4} 2
{49,5} 2
{49,6} 2
{49,7} 2
{49,8} 2
{49,9} 2
{49,10} 2
{49,11} 2
{49,12} 2
{49,13} 2
{49,14} 2
{49,15} 2
{49,16} 2
{49,17} 2
{49,18} 2
{49,19} 2
{49,20} 2
{49,21} 2
{49,22} 2
{49,23} 2
{49,24} 2
{49,25} 2
{49,26} 2
{49,27} 2
{49,28} 2
{49,29} 2
{49,30} 2
{49,31} 2
{50,0} 2
{50,1} 2
{50,2} 2
{50,3} 2
{50,4} 2
{50,5} 2
{50,6} 2
{50,7} 2
{50,8} 2
{50,9} 2
{50,10} 2
{50,11} 2
{50,12} 2
{50,13} 2
{50,14} 2
{50,15} 2
{50,16} 2
{50,17} 2
{50,18} 2
{50,19} 2
{50,20} 2
{50,21} 2
{50,22} 2
{50,23} 2
{50,24} 2
{50,25} 2
{50,26} 2
{50,27} 2
{50,28} 2
{50,29} 2
{50,30} 2
{50,31} 2
{51,0} 2
{51,1} 2
{51,2} 2
{51,3} 2
{51,4} 2
{51,5} 2
{51,6} 2
{51,7} 2
{51,8} 2
{51,9} 2
{51,10} 2
{51,11} 2
{51,12} 2
{51,13} 2
{51,14} 2
{51,15} 2
{51,16} 2
{51,17} 2
{51,18} 2
{51,19} 2
{51,20} 2
{51,21} 2
{51,22} 2
{51,23} 2
{51,24} 2
{51,25} 2
{51,26} 2
{51,27} 2
{51,28} 2
{51,29} 2
{51,30} 2
{51,31} 2
{52,0} 2
{52,1} 2
{52,2} 2
{52,3} 2
{52,4} 2
{52,5} 2
{52,6} 2
{52,7} 2
{52,8} 2
{52,9} 2
{52,10} 2
{52,11} 2
{52,12} 2
{52,13} 2
{52,14} 2
{52,15} 2
{52,16} 2
{52,17} 2
{52,18} 2
{52,19} 2
{52,20} 2
{52,21} 2
{52,22} 2
{52,23} 2
{52,24} 2
{52,25} 2
{52,26} 2
{52,27} 2
{52,28} 2
{52,29} 2
{52,30} 2
{52,31} 2
{53,0} 2
{53,1} 2
{53,2} 2
{53,3} 2
{53,4} 2
{53,5} 2
{53,6} 2
{53,7} 2
{53,8} 2
{53,9} 2
{53,10} 2
{53,11} 2
{53,12} 2
{53,13} 2
{53,14} 2
{53,15} 2
{53,16} 2
{53,17} 2
{53,18} 2
{53,19} 2
{53,20} 2
{53,21} 2
{53,22} 2
{53,23} 2
{53,24} 2
{53,25} 2
{53,26} 2
{53,27} 2
{53,28} 2
{53,29} 2
{53,30} 2
{53,31} 2
{54,0} 2
{54,1} 2
{54,2} 2
{54,3} 2
{54,4} 2
{54,5} 2
{54,6} 2
{54,7} 2
{54,8} 2
{54,9} 2
{54,10} 2
{54,11} 2
{54,12} 2
{54,13} 2
{54,14} 2
{54,15} 2
{54,16} 2
{54,17} 2
{54,18} 2
{54,19} 2
{54,20} 2
{54,21} 2
{54,22} 2
{54,23} 2
{54,24} 2
{54,25} 2
{54,26} 2
{54,27} 2
{54,28} 2
{54,29} 2
{54,30} 2
{54,31} 2
{55,0} 2
{55,1} 2
{55,2} 2
{55,3} 2
{55,4} 2
{55,5} 2
{55,6} 2
{55,7} 2
{55,8} 2
{55,9} 2
{55,10} 2
{55,11} 2
{55,12} 2
{55,13} 2
{55,14} 2
{55,15} 2
{55,16} 2
{55,17} 2
{55,18} 2
{55,19} 2
{55,20} 2
{55,21} 2
{55,22} 2
{55,23} 2
{55,24} 2
{55,25} 2
{55,26} 2
{55,27} 2
{55,28} 2
{55,29} 2
{55,30} 2
{55,31} 2
{56,0} 2
{56,1} 2
{56,2} 2
{56,3} 2
{56,4} 2
{56,5} 2
{56,6} 2
{56,7} 2
{56,8} 2
{56,9} 2
{56,10} 2
{56,11} 2
{56,12} 2
{56,13} 2
{56,14} 2
{56,15} 2
{56,16} 2
{56,17} 2
{56,18} 2
{56,19} 2
{56,20} 2
{56,21} 2
{56,22} 2
{56,23} 2
{56,24} 2
{56,25} 2
{56,26} 2
{56,27} 2
{56,28} 2
{56,29} 2
{56,30} 2
{56,31} 2
{57,0} 2
{57,1} 2
{57,2} 2
{57,3} 2
{57,4} 2
{57,5} 2
{57,6} 2
{57,7} 2
{57,8} 2
{57,9} 2
{57,10} 2
{57,11} 2
{57,12} 2
{57,13} 2
{57,14} 2
{57,15} 2
{57,16} 2
{57,17} 2
{57,18} 2
{57,19} 2
{57,20} 2
{57,21} 2
{57,22} 2
{57,23} 2
{57,24} 2
{57,25} 2
{57,26} 2
{57,27} 2
{57,28} 2
{57,29} 2
{57,30} 2
{57,31} 2
{58,0} 2
{58,1} 2
{58,2} 2
{58,3} 2
{58,4} 2
{58,5} 2
{58,6} 2
{58,7} 2
{58,8} 2
{58,9} 2
{58,10} 2
{58,11} 2
{58,12} 2
{58,13} 2
{58,14} 2
{58,15} 2
{58,16} 2
{58,17} 2
{58,18} 2
{58,19} 2
{58,20} 2
{58,21} 2
{58,22} 2
{58,23} 2
{58,24} 2
{58,25} 2
{58,26} 2
{58,27} 2
{58,28} 2
{58,29} 2
{58,30} 2
{58,31} 2
{59,0} 2
{59,1} 2
{59,2} 2
{59,3} 2
{59,4} 2
{59,5} 2
{59,6} 2
{59,7} 2
{59,8} 2
{59,9} 2
{59,10} 2
{59,11} 2
{59,12} 2
{59,13} 2
{59,14} 2
{59,15} 2
{59,16} 2
{59,17} 2
{59,18} 2
{59,19} 2
{59,20} 2
{59,21} 2
{59,22} 2
{59,23} 2
{59,24} 2
{59,25} 2
{59,26} 2
{59,27} 2
{59,28} 2
{59,29} 2
{59,30} 2
{59,31} 2
{60,0} 2
{60,1} 2
{60,2} 2
{60,3} 2
{60,4} 2
{60,5} 2
{60,6} 2
{60,7} 2
{60,8} 2
{60,9} 2
{60,10} 2
{60,11} 2
{60,12} 2
{60,13} 2
{60,14} 2
{60,15} 2
{60,16} 2
{60,17} 2
{60,18} 2
{60,19} 2
{60,20} 2
{60,21} 2
{60,22} 2
{60,23} 2
{60,24} 2
{60,25} 2
{60,26} 2
{60,27} 2
{60,28} 2
{60,29} 2
{60,30} 2
{60,31} 2
{61,0} 2
{61,1} 2
{61,2} 2
{61,3} 2
{61,4} 2
{61,5} 2
{61,6} 2
{61,7} 2
{61,8} 2
{61,9} 2
{61,10} 2
{61,11} 2
{61,12} 2
{61,13} 2
{61,14} 2
{61,15} 2
{61,16} 2
{61,17} 2
{61,18} 2
{61,19} 2
{61,20} 2
{61,21} 2
{61,22} 2
{61,23} 2
{61,24} 2
{61,25} 2
{61,26} 2
{61,27} 2
{61,28} 2
{61,29} 2
{61,30} 2
{61,31} 2
{62,0} 2
{62,1} 2
{62,2} 2
{62,3} 2
{62,4} 2
{62,5} 2
{62,6} 2
{62,7} 2
{62,8} 2
{62,9} 2
{62,10} 2
{62,11} 2
{62,12} 2
{62,13} 2
{62,14} 2
{62,15} 2
{62,16} 2
{62,17} 2
{62,18} 2
{62,19} 2
{62,20} 2
{62,21} 2
{62,22} 2
{62,23} 2
{62,24} 2
{62,25} 2
{62,26} 2
{62,27} 2
{62,28} 2
{62,29} 2
{62,30} 2
{62,31} 2
{63,0} 2
{63,1} 2
{63,2} 2
{63,3} 2
{63,4} 2
{63,5} 2
{63,6} 2
{63,7} 2
{63,8} 2
{63,9} 2
{63,10} 2
{63,11} 2
{63,12} 2
{63,13} 2
{63,14} 2
{63,15} 2
{63,16} 2
{63,17} 2
{63,18} 2
{63,19} 2
{63,20} 2
{63,21} 2
{63,22} 2
{63,23} 2
{63,24} 2
{63,25} 2
{63,26} 2
{63,27} 2
{63,28} 2
{63,29} 2
{63,30} 2
{63,31} 2
{32,32} 3
{32,33} 3
{32,34} 3
{32,35} 3
{32,36} 3
{32,37} 3
{32,38} 3
{32,39} 3
{32,40} 3
{32,41} 3
{32,42} 3
{32,43} 3
{32,44} 3
{32,45} 3
{32,46} 3
{32,47} 3
{32,48} 3
{32,49} 3
{32,50} 3
{32,51} 3
{32,52} 3
{32,53} 3
{32,54} 3
{32,55} 3
{32,56} 3
{32,57} 3
{32,58} 3
{32,59} 3
{32,60} 3
{32,61} 3
{32,62} 3
{32,63} 3
{33,32} 3
{33,33} 3
{33,34} 3
{33,35} 3
{33,36} 3
{33,37} 3
{33,38} 3
{33,39} 3
{33,40} 3
{33,41} 3
{33,42} 3
{33,43} 3
{33,44} 3
{33,45} 3
{33,46} 3
{33,47} 3
{33,48} 3
{33,49} 3
{33,50} 3
{33,51} 3
{33,52} 3
{33,53} 3
{33,54} 3
{33,55} 3
{33,56} 3
{33,57} 3
{33,58} 3
{33,59} 3
{33,60} 3
{33,61} 3
{33,62} 3
{33,63} 3
{34,32} 3
{34,33} 3
{34,34} 3
{34,35} 3
{34,36} 3
{34,37} 3
{34,38} 3
{34,39} 3
{34,40} 3
{34,41} 3
{34,42} 3
{34,43} 3
{34,44} 3
{34,45} 3
{34,46} 3
{34,47} 3
{34,48} 3
{34,49} 3
{34,50} 3
{34,51} 3
{34,52} 3
{34,53} 3
{34,54} 3
{34,55} 3
{34,56} 3
{34,57} 3
{34,58} 3
{34,59} 3
{34,60} 3
{34,61} 3
{34,62} 3
{34,63} 3
{35,32} 3
{35,33} 3
{35,34} 3
{35,35} 3
{35,36} 3
{35,37} 3
{35,38} 3
{35,39} 3
{35,40} 3
{35,41} 3
{35,42} 3
{35,43} 3
{35,44} 3
{35,45} 3
{35,46} 3
{35,47} 3
{35,48} 3
{35,49} 3
{35,50} 3
{35,51} 3
{35,52} 3
{35,53} 3
{35,54} 3
{35,55} 3
{35,56} 3
{35,57} 3
{35,58} 3
{35,59} 3
{35,60} 3
{35,61} 3
{35,62} 3
{35,63} 3
{36,32} 3
{36,33} 3
{36,34} 3
{36,35} 3
{36,36} 3
{36,37} 3
{36,38} 3
{36,39} 3
{36,40} 3
{36,41} 3
{36,42} 3
{36,43} 3
{36,44} 3
{36,45} 3
{36,46} 3
{36,47} 3
{36,48} 3
{36,49} 3
{36,50} 3
{36,51} 3
{36,52} 3
{36,53} 3
{36,54} 3
{36,55} 3
{36,56} 3
{36,57} 3
{36,58} 3
{36,59} 3
{36,60} 3
{36,61} 3
{36,62} 3
{36,63} 3
{37,32} 3
{37,33} 3
{37,34} 3
{37,35} 3
{37,36} 3
{37,37} 3
{37,38} 3
{37,39} 3
{37,40} 3
{37,41} 3
{37,42} 3
{37,43} 3
{37,44} 3
{37,45} 3
{37,46} 3
{37,47} 3
{37,48} 3
{37,49} 3
{37,50} 3
{37,51} 3
{37,52} 3
{37,53} 3
{37,54} 3
{37,55} 3
{37,56} 3
{37,57} 3
{37,58} 3
{37,59} 3
{37,60} 3
{37,61} 3
{37,62} 3
{37,63} 3
{38,32} 3
{38,33} 3
{38,34} 3
{38,35} 3
{38,36} 3
{38,37} 3
{38,38} 3
{38,39} 3
{38,40} 3
{38,41} 3
{38,42} 3
{38,43} 3
{38,44} 3
{38,45} 3
{38,46} 3
{38,47} 3
{38,48} 3
{38,49} 3
{38,50} 3
{38,51} 3
{38,52} 3
{38,53} 3
{38,54} 3
{38,55} 3
{38,56} 3
{38,57} 3
{38,58} 3
{38,59} 3
{38,60} 3
{38,61} 3
{38,62} 3
{38,63} 3
{39,32} 3
{39,33} 3
{39,34} 3
{39,35} 3
{39,36} 3
{39,37} 3
{39,38} 3
{39,39} 3
{39,40} 3
{39,41} 3
{39,42} 3
{39,43} 3
{39,44} 3
{39,45} 3
{39,46} 3
{39,47} 3
{39,48} 3
{39,49} 3
{39,50} 3
{39,51} 3
{39,52} 3
{39,53} 3
{39,54} 3
{39,55} 3
{39,56} 3
{39,57} 3
{39,58} 3
{39,59} 3
{39,60} 3
{39,61} 3
{39,62} 3
{39,63} 3
{40,32} 3
{40,33} 3
{40,34} 3
{40,35} 3
{40,36} 3
{40,37} 3
{40,38} 3
{40,39} 3
{40,40} 3
{40,41} 3
{40,42} 3
{40,43} 3
{40,44} 3
{40,45} 3
{40,46} 3
{40,47} 3
{40,48} 3
{40,49} 3
{40,50} 3
{40,51} 3
{40,52} 3
{40,53} 3
{40,54} 3
{40,55} 3
{40,56} 3
{40,57} 3
{40,58} 3
{40,59} 3
{40,60} 3
{40,61} 3
{40,62} 3
{40,63} 3
{41,32} 3
{41,33} 3
{41,34} 3
{41,35} 3
{41,36} 3
{41,37} 3
{41,38} 3
{41,39} 3
{41,40} 3
{41,41} 3
{41,42} 3
{41,43} 3
{41,44} 3
{41,45} 3
{41,46} 3
{41,47} 3
{41,48} 3
{41,49} 3
{41,50} 3
{41,51} 3
{41,52} 3
{41,53} 3
{41,54} 3
{41,55} 3
{41,56} 3
{41,57} 3
{41,58} 3
{41,59} 3
{41,60} 3
{41,61} 3
{41,62} 3
{41,63} 3
{42,32} 3
{42,33} 3
{42,34} 3
{42,35} 3
{42,36} 3
{42,37} 3
{42,38} 3
{42,39} 3
{42,40} 3
{42,41} 3
{42,42} 3
{42,43} 3
{42,44} 3
{42,45} 3
{42,46} 3
{42,47} 3
{42,48} 3
{42,49} 3
{42,50} 3
{42,51} 3
{42,52} 3
{42,53} 3
{42,54} 3
{42,55} 3
{42,56} 3
{42,57} 3
{42,58} 3
{42,59} 3
{42,60} 3
{42,61} 3
{42,62} 3
{42,63} 3
{43,32} 3
{43,33} 3
{43,34} 3
{43,35} 3
{43,36} 3
{43,37} 3
{43,38} 3
{43,39} 3
{43,40} 3
{43,41} 3
{43,42} 3
{43,43} 3
{43,44} 3
{43,45} 3
{43,46} 3
{43,47} 3
{43,48} 3
{43,49} 3
{43,50} 3
{43,51} 3
{43,52} 3
{43,53} 3
{43,54} 3
{43,55} 3
{43,56} 3
{43,57} 3
{43,58} 3
{43,59} 3
{43,60} 3
{43,61} 3
{43,62} 3
{43,63} 3
{44,32} 3
{44,33} 3
{44,34} 3
{44,35} 3
{44,36} 3
{44,37} 3
{44,38} 3
{44,39} 3
{44,40} 3
{44,41} 3
{44,42} 3
{44,43} 3
{44,44} 3
{44,45} 3
{44,46} 3
{44,47} 3
{44,48} 3
{44,49} 3
{44,50} 3
{44,51} 3
{44,52} 3
{44,53} 3
{44,54} 3
{44,55} 3
{44,56} 3
{44,57} 3
{44,58} 3
{44,59} 3
{44,60} 3
{44,61} 3
{44,62} 3
{44,63} 3
{45,32} 3
{45,33} 3
{45,34} 3
{45,35} 3
{45,36} 3
{45,37} 3
{45,38} 3
{45,39} 3
{45,40} 3
{45,41} 3
{45,42} 3
{45,43} 3
{45,44} 3
{45,45} 3
{45,46} 3
{45,47} 3
{45,48} 3
{45,49} 3
{45,50} 3
{45,51} 3
{45,52} 3
{45,53} 3
{45,54} 3
{45,55} 3
{45,56} 3
{45,57} 3
{45,58} 3
{45,59} 3
{45,60} 3
{45,61} 3
{45,62} 3
{45,63} 3
{46,32} 3
{46,33} 3
{46,34} 3
{46,35} 3
{46,36} 3
{46,37} 3
{46,38} 3
{46,39} 3
{46,40} 3
{46,41} 3
{46,42} 3
{46,43} 3
{46,44} 3
{46,45} 3
{46,46} 3
{46,47} 3
{46,48} 3
{46,49} 3
{46,50} 3
{46,51} 3
{46,52} 3
{46,53} 3
{46,54} 3
{46,55} 3
{46,56} 3
{46,57} 3
{46,58} 3
{46,59} 3
{46,60} 3
{46,61} 3
{46,62} 3
{46,63} 3
{47,32} 3
{47,33} 3
{47,34} 3
{47,35} 3
{47,36} 3
{47,37} 3
{47,38} 3
{47,39} 3
{47,40} 3
{47,41} 3
{47,42} 3
{47,43} 3
{47,44} 3
{47,45} 3
{47,46} 3
{47,47} 3
{47,48} 3
{47,49} 3
{47,50} 3
{47,51} 3
{47,52} 3
{47,53} 3
{47,54} 3
{47,55} 3
{47,56} 3
{47,57} 3
{47,58} 3
{47,59} 3
{47,60} 3
{47,61} 3
{47,62} 3
{47,63} 3
{48,32} 3
{48,33} 3
{48,34} 3
{48,35} 3
{48,36} 3
{48,37} 3
{48,38} 3
{48,39} 3
{48,40} 3
{48,41} 3
{48,42} 3
{48,43} 3
{48,44} 3
{48,45} 3
{48,46} 3
{48,47} 3
{48,48} 3
{48,49} 3
{48,50} 3
{48,51} 3
{48,52} 3
{48,53} 3
{48,54} 3
{48,55} 3
{48,56} 3
{48,57} 3
{48,58} 3
{48,59} 3
{48,60} 3
{48,61} 3
{48,62} 3
{48,63} 3
{49,32} 3
{49,33} 3
{49,34} 3
{49,35} 3
{49,36} 3
{49,37} 3
{49,38} 3
{49,39} 3
{49,40} 3
{49,41} 3
{49,42} 3
{49,43} 3
{49,44} 3
{49,45} 3
{49,46} 3
{49,47} 3
{49,48} 3
{49,49} 3
{49,50} 3
{49,51} 3
{49,52} 3
{49,53} 3
{49,54} 3
{49,55} 3
{49,56} 3
{49,57} 3
{49,58} 3
{49,59} 3
{49,60} 3
{49,61} 3
{49,62} 3
{49,63} 3
{50,32} 3
{50,33} 3
{50,34} 3
{50,35} 3
{50,36} 3
{50,37} 3
{50,38} 3
{50,39} 3
{50,40} 3
{50,41} 3
{50,42} 3
{50,43} 3
{50,44} 3
{50,45} 3
{50,46} 3
{50,47} 3
{50,48} 3
{50,49} 3
{50,50} 3
{50,51} 3
{50,52} 3
{50,53} 3
{50,54} 3
{50,55} 3
{50,56} 3
{50,57} 3
{50,58} 3
{50,59} 3
{50,60} 3
{50,61} 3
{50,62} 3
{50,63} 3
{51,32} 3
{51,33} 3
{51,34} 3
{51,35} 3
{51,36} 3
{51,37} 3
{51,38} 3
{51,39} 3
{51,40} 3
{51,41} 3
{51,42} 3
{51,43} 3
{51,44} 3
{51,45} 3
{51,46} 3
{51,47} 3
{51,48} 3
{51,49} 3
{51,50} 3
{51,51} 3
{51,52} 3
{51,53} 3
{51,54} 3
{51,55} 3
{51,56} 3
{51,57} 3
{51,58} 3
{51,59} 3
{51,60} 3
{51,61} 3
{51,62} 3
{51,63} 3
{52,32} 3
{52,33} 3
{52,34} 3
{52,35} 3
{52,36} 3
{52,37} 3
{52,38} 3
{52,39} 3
{52,40} 3
{52,41} 3
{52,42} 3
{52,43} 3
{52,44} 3
{52,45} 3
{52,46} 3
{52,47} 3
{52,48} 3
{52,49} 3
{52,50} 3
{52,51} 3
{52,52} 3
{52,53} 3
{52,54} 3
{52,55} 3
{52,56} 3
{52,57} 3
{52,58} 3
{52,59} 3
{52,60} 3
{52,61} 3
{52,62} 3
{52,63} 3
{53,32} 3
{53,33} 3
{53,34} 3
{53,35} 3
{53,36} 3
{53,37} 3
{53,38} 3
{53,39} 3
{53,40} 3
{53,41} 3
{53,42} 3
{53,43} 3
{53,44} 3
{53,45} 3
{53,46} 3
{53,47} 3
{53,48} 3
{53,49} 3
{53,50} 3
{53,51} 3
{53,52} 3
{53,53} 3
{53,54} 3
{53,55} 3
{53,56} 3
{53,57} 3
{53,58} 3
{53,59} 3
{53,60} 3
{53,61} 3
{53,62} 3
{53,63} 3
{54,32} 3
{54,33} 3
{54,34} 3
{54,35} 3
{54,36} 3
{54,37} 3
{54,38} 3
{54,39} 3
{54,40} 3
{54,41} 3
{54,42} 3
{54,43} 3
{54,44} 3
{54,45} 3
{54,46} 3
{54,47} 3
{54,48} 3
{54,49} 3
{54,50} 3
{54,51} 3
{54,52} 3
{54,53} 3
{54,54} 3
{54,55} 3
{54,56} 3
{54,57} 3
{54,58} 3
{54,59} 3
{54,60} 3
{54,61} 3
{54,62} 3
{54,63} 3
{55,32} 3
{55,33} 3
{55,34} 3
{55,35} 3
{55,36} 3
{55,37} 3
{55,38} 3
{55,39} 3
{55,40} 3
{55,41} 3
{55,42} 3
{55,43} 3
{55,44} 3
{55,45} 3
{55,46} 3
{55,47} 3
{55,48} 3
{55,49} 3
{55,50} 3
{55,51} 3
{55,52} 3
{55,53} 3
{55,54} 3
{55,55} 3
{55,56} 3
{55,57} 3
{55,58} 3
{55,59} 3
{55,60} 3
{55,61} 3
{55,62} 3
{55,63} 3
{56,32} 3
{56,33} 3
{56,34} 3
{56,35} 3
{56,36} 3
{56,37} 3
{56,38} 3
{56,39} 3
{56,40} 3
{56,41} 3
{56,42} 3
{56,43} 3
{56,44} 3
{56,45} 3
{56,46} 3
{56,47} 3
{56,48} 3
{56,49} 3
{56,50} 3
{56,51} 3
{56,52} 3
{56,53} 3
{56,54} 3
{56,55} 3
{56,56} 3
{56,57} 3
{56,58} 3
{56,59} 3
{56,60} 3
{56,61} 3
{56,62} 3
{56,63} 3
{57,32} 3
{57,33} 3
{57,34} 3
{57,35} 3
{57,36} 3
{57,37} 3
{57,38} 3
{57,39} 3
{57,40} 3
{57,41} 3
{57,42} 3
{57,43} 3
{57,44} 3
{57,45} 3
{57,46} 3
{57,47} 3
{57,48} 3
{57,49} 3
{57,50} 3
{57,51} 3
{57,52} 3
{57,53} 3
{57,54} 3
{57,55} 3
{57,56} 3
{57,57} 3
{57,58} 3
{57,59} 3
{57,60} 3
{57,61} 3
{57,62} 3
{57,63} 3
{58,32} 3
{58,33} 3
{58,34} 3
{58,35} 3
{58,36} 3
{58,37} 3
{58,38} 3
{58,39} 3
{58,40} 3
{58,41} 3
{58,42} 3
{58,43} 3
{58,44} 3
{58,45} 3
{58,46} 3
{58,47} 3
{58,48} 3
{58,49} 3
{58,50} 3
{58,51} 3
{58,52} 3
{58,53} 3
{58,54} 3
{58,55} 3
{58,56} 3
{58,57} 3
{58,58} 3
{58,59} 3
{58,60} 3
{58,61} 3
{58,62} 3
{58,63} 3
{59,32} 3
{59,33} 3
{59,34} 3
{59,35} 3
{59,36} 3
{59,37} 3
{59,38} 3
{59,39} 3
{59,40} 3
{59,41} 3
{59,42} 3
{59,43} 3
{59,44} 3
{59,45} 3
{59,46} 3
{59,47} 3
{59,48} 3
{59,49} 3
{59,50} 3
{59,51} 3
{59,52} 3
{59,53} 3
{59,54} 3
{59,55} 3
{59,56} 3
{59,57} 3
{59,58} 3
{59,59} 3
{59,60} 3
{59,61} 3
{59,62} 3
{59,63} 3
{60,32} 3
{60,33} 3
{60,34} 3
{60,35} 3
{60,36} 3
{60,37} 3
{60,38} 3
{60,39} 3
{60,40} 3
{60,41} 3
{60,42} 3
{60,43} 3
{60,44} 3
{60,45} 3
{60,46} 3
{60,47} 3
{60,48} 3
{60,49} 3
{60,50} 3
{60,51} 3
{60,52} 3
{60,53} 3
{60,54} 3
{60,55} 3
{60,56} 3
{60,57} 3
{60,58} 3
{60,59} 3
{60,60} 3
{60,61} 3
{60,62} 3
{60,63} 3
{61,32} 3
{61,33} 3
{61,34} 3
{61,35} 3
{61,36} 3
{61,37} 3
{61,38} 3
{61,39} 3
{61,40} 3
{61,41} 3
{61,42} 3
{61,43} 3
{61,44} 3
{61,45} 3
{61,46} 3
{61,47} 3
{61,48} 3
{61,49} 3
{61,50} 3
{61,51} 3
{61,52} 3
{61,53} 3
{61,54} 3
{61,55} 3
{61,56} 3
{61,57} 3
{61,58} 3
{61,59} 3
{61,60} 3
{61,61} 3
{61,62} 3
{61,63} 3
{62,32} 3
{62,33} 3
{62,34} 3
{62,35} 3
{62,36} 3
{62,37} 3
{62,38} 3
{62,39} 3
{62,40} 3
{62,41} 3
{62,42} 3
{62,43} 3
{62,44} 3
{62,45} 3
{62,46} 3
{62,47} 3
{62,48} 3
{62,49} 3
{62,50} 3
{62,51} 3
{62,52} 3
{62,53} 3
{62,54} 3
{62,55} 3
{62,56} 3
{62,57} 3
{62,58} 3
{62,59} 3
{62,60} 3
{62,61} 3
{62,62} 3
{62,63} 3
{63,32} 3
{63,33} 3
{63,34} 3
{63,35} 3
{63,36} 3
{63,37} 3
{63,38} 3
{63,39} 3
{63,40} 3
{63,41} 3
{63,42} 3
{63,43} 3
{63,44} 3
{63,45} 3
{63,46} 3
{63,47} 3
{63,48} 3
{63,49} 3
{63,50} 3
{63,51} 3
{63,52} 3
{63,53} 3
{63,54} 3
{63,55} 3
{63,56} 3
{63,57} 3
{63,58} 3
{63,59} 3
{63,60} 3
{63,61} 3
{63,62} 3
{63,63} 3

