SCIDB QUERY : <load_library('misc')>
Query was executed successfully

SCIDB QUERY : <store(build (<v : int64> [I=0:60,1,0], I), MANY_CHUNKS)>
[Query was executed successfully, ignoring data output by this query.]

SCIDB QUERY : <create temp array ARRAY1 <v:int64> [I=0:100,1,0]>
Query was executed successfully

SCIDB QUERY : <create temp array ARRAY2 <v:int64> [I=0:100,1,0]>
Query was executed successfully

SCIDB QUERY : <create      array ARRAY3 <v:int64> [I=0:100,1,0]>
Query was executed successfully

SCIDB QUERY : <store (build (ARRAY1, I), ARRAY1)>
[Query was executed successfully, ignoring data output by this query.]

SCIDB QUERY : <store (build (ARRAY2,-I), ARRAY2)>
[Query was executed successfully, ignoring data output by this query.]

SCIDB QUERY : <store (build (ARRAY3,-I), ARRAY3)>
[Query was executed successfully, ignoring data output by this query.]

SCIDB QUERY : <aggregate(ARRAY1, SUM(v), MIN(v), MAX(v))>
{i} v_sum,v_min,v_max
{0} 5050,0,100

SCIDB QUERY : <aggregate(ARRAY2, SUM(v), MIN(v), MAX(v))>
{i} v_sum,v_min,v_max
{0} -5050,-100,0

SCIDB QUERY : <aggregate(ARRAY3, SUM(v), MIN(v), MAX(v))>
{i} v_sum,v_min,v_max
{0} -5050,-100,0

This test will fail if there are no chunks on the coordinator, so the next line should be zero.
SCIDB QUERY : <aggregate(apply(filter(list('chunk map'), nelem>0), instance, inst), min(instance) as inst)>
0

SCIDB QUERY : <apply(MANY_CHUNKS, inject_result, injectError (0, 4))>
[Query was executed successfully, ignoring data output by this query.]

SCIDB QUERY : <store(build(MANY_CHUNKS,0),MANY_CHUNKS2)>
[An error expected at this place for the query "store(build(MANY_CHUNKS,0),MANY_CHUNKS2)". And it failed with error code = scidb::SCIDB_SE_INJECTED_ERROR::SCIDB_LE_INJECTED_ERROR. Expected error code = scidb::SCIDB_SE_INJECTED_ERROR::SCIDB_LE_INJECTED_ERROR.]

SCIDB QUERY : <apply(MANY_CHUNKS, inject_result, injectError (0, 4))>
[Query was executed successfully, ignoring data output by this query.]

SCIDB QUERY : <store(build(MANY_CHUNKS,0),MANY_CHUNKS)>
[An error expected at this place for the query "store(build(MANY_CHUNKS,0),MANY_CHUNKS)". And it failed with error code = scidb::SCIDB_SE_INJECTED_ERROR::SCIDB_LE_INJECTED_ERROR. Expected error code = scidb::SCIDB_SE_INJECTED_ERROR::SCIDB_LE_INJECTED_ERROR.]

SCIDB QUERY : <aggregate(filter(apply(join(ARRAY1,ARRAY2),attrSum,ARRAY1.v + ARRAY2.v), attrSum<>0),count(*))>
{i} count
{0} 0

SCIDB QUERY : <apply(MANY_CHUNKS, inject_result, injectError (0, 4))>
[Query was executed successfully, ignoring data output by this query.]

SCIDB QUERY : <store(ARRAY3,ARRAY1)>
[An error expected at this place for the query "store(ARRAY3,ARRAY1)". And it failed with error code = scidb::SCIDB_SE_INJECTED_ERROR::SCIDB_LE_INJECTED_ERROR. Expected error code = scidb::SCIDB_SE_INJECTED_ERROR::SCIDB_LE_INJECTED_ERROR.]

SCIDB QUERY : <aggregate(filter(apply(join(ARRAY1,ARRAY2),attrSum,ARRAY1.v + ARRAY2.v), attrSum<>0),count(*))>
{i} count
{0} 0

SCIDB QUERY : <aggregate(ARRAY1, SUM(v), MIN(v), MAX(v))>
{i} v_sum,v_min,v_max
{0} 5050,0,100

SCIDB QUERY : <aggregate(ARRAY2, SUM(v), MIN(v), MAX(v))>
{i} v_sum,v_min,v_max
{0} -5050,-100,0

SCIDB QUERY : <aggregate(ARRAY3, SUM(v), MIN(v), MAX(v))>
{i} v_sum,v_min,v_max
{0} -5050,-100,0

SCIDB QUERY : <remove(MANY_CHUNKS)>
Query was executed successfully

SCIDB QUERY : <remove(ARRAY1)>
Query was executed successfully

SCIDB QUERY : <remove(ARRAY2)>
Query was executed successfully

SCIDB QUERY : <remove(ARRAY3)>
Query was executed successfully

