SCIDB QUERY : <create array Input<x:int64>[i=0:7,2,0]>
Query was executed successfully

SCIDB QUERY : <create array Good<i:int64>[x=0:3,2,0, s=0:1,2,0]>
Query was executed successfully

SCIDB QUERY : <create array Bad<i:int64>[x=0:3,2,0, s=0:1,1,0]>
Query was executed successfully

SCIDB QUERY : <store(build(Input, i/2), Input)>
Query was executed successfully

SCIDB QUERY : <scan(Input)  -- Inserted by scan_doctor>
{i} x
{0} 0
{1} 0
{2} 1
{3} 1
{4} 2
{5} 2
{6} 3
{7} 3

SCIDB QUERY : <create array SYNTH_SRC <v:int64>[i=0:16,10,3, j=-8:8,10,5, k=-4:12,10,2, l=-16:0,10,1]>
Query was executed successfully

SCIDB QUERY : <create array SYNTH_DST <v:int64>[i=0:16,10,0, l=-16:0,10,0, s=0:16*16*2, 33*33,0]>
Query was executed successfully

SCIDB QUERY : <store(build(SYNTH_SRC, i+j+k+l), SYNTH_SRC)>
[Query was executed successfully, ignoring data output by this query.]

SCIDB QUERY : <store(redimension(Input, Good), Good)>
Query was executed successfully

SCIDB QUERY : <scan(Good)  -- Inserted by scan_doctor>
{x,s} i
{0,0} 0
{0,1} 1
{1,0} 2
{1,1} 3
{2,0} 4
{2,1} 5
{3,0} 6
{3,1} 7

SCIDB QUERY : <store(redimension(Input, Bad), Bad)>
[An error expected at this place for the query "store(redimension(Input, Bad), Bad)". And it failed with error code = scidb::SCIDB_SE_OPERATOR::SCIDB_LE_OP_REDIMENSION_STORE_ERROR7. Expected error code = scidb::SCIDB_SE_OPERATOR::SCIDB_LE_OP_REDIMENSION_STORE_ERROR7.]

SCIDB QUERY : <store(redimension(SYNTH_SRC, SYNTH_DST), SYNTH_DST)>
[Query was executed successfully, ignoring data output by this query.]

SCIDB QUERY : <aggregate(filter(apply(join(aggregate(SYNTH_SRC, sum(v), count(*)) as L, aggregate(SYNTH_DST, sum(v),count(*)) as R), diffC, L.count-R.count, diffV, L.v_sum-R.v_sum), diffC<>0 or diffV<>0), count(*))>
{i} count
{0} 0

SCIDB QUERY : <aggregate(filter(apply(join(aggregate(SYNTH_SRC, sum(v), count(*),i,l) as L, aggregate(SYNTH_DST, sum(v),count(*),i,l) as R), diffC, L.count-R.count, diffV, L.v_sum-R.v_sum), diffC<>0 or diffV<>0), count(*))>
{i} count
{0} 0

SCIDB QUERY : <remove(Input)>
Query was executed successfully

SCIDB QUERY : <remove(Good)>
Query was executed successfully

SCIDB QUERY : <remove(Bad)>
Query was executed successfully

SCIDB QUERY : <remove(SYNTH_SRC)>
Query was executed successfully

SCIDB QUERY : <remove(SYNTH_DST)>
Query was executed successfully

