SCIDB QUERY : <store( build( <val:string> [x=0:255,10,0],  string(x % 256) ), zero_to_255 )>
[Query was executed successfully, ignoring data output by this query.]

SCIDB QUERY : <store( build( <val:string> [x=0:255,10,5],  string(x % 256) ), zero_to_255_overlap )>
[Query was executed successfully, ignoring data output by this query.]

SCIDB QUERY : <store(apply(build(<a:double> [x=1:1000000,100000,0], double(x)), b, iif(x%2=0, 'abc','def'), c, int64(0)), temp)>
[Query was executed successfully, ignoring data output by this query.]

SCIDB QUERY : <summarize(zero_to_255, by_instance:true)>
{inst,attid} att,count,bytes,chunks,min_count,avg_count,max_count,min_bytes,avg_bytes,max_bytes
{0,0} 'all',50,1000,10,10,10,10,48,100,152
{1,0} 'all',40,840,8,10,10,10,48,105,162
{2,0} 'all',90,1860,18,10,10,10,48,103.333,162
{3,0} 'all',76,1614,16,6,9.5,10,48,100.875,162

SCIDB QUERY : <summarize(zero_to_255_overlap, by_instance:true)>
{inst,attid} att,count,bytes,chunks,min_count,avg_count,max_count,min_bytes,avg_bytes,max_bytes
{0,0} 'all',50,1400,10,10,10,10,48,140,237
{1,0} 'all',40,1200,8,10,10,10,48,150,252
{2,0} 'all',90,2640,18,10,10,10,48,146.667,252
{3,0} 'all',76,2224,16,6,9.5,10,48,139,252

SCIDB QUERY : <summarize(temp, by_instance:true)>
{inst,attid} att,count,bytes,chunks,min_count,avg_count,max_count,min_bytes,avg_bytes,max_bytes
{0,0} 'all',500000,8501360,20,100000,100000,100000,48,425068,900072
{1,0} 'all',0,0,0,null,null,null,null,null,null
{2,0} 'all',300000,5100816,12,100000,100000,100000,48,425068,900072
{3,0} 'all',200000,3400544,8,100000,100000,100000,48,425068,900072

SCIDB QUERY : <summarize(zero_to_255, by_attribute:true, by_instance:true)>
{inst,attid} att,count,bytes,chunks,min_count,avg_count,max_count,min_bytes,avg_bytes,max_bytes
{0,0} 'val',50,760,5,10,10,10,152,152,152
{0,1} 'EmptyTag',50,240,5,10,10,10,48,48,48
{1,0} 'val',40,648,4,10,10,10,162,162,162
{1,1} 'EmptyTag',40,192,4,10,10,10,48,48,48
{2,0} 'val',90,1428,9,10,10,10,152,158.667,162
{2,1} 'EmptyTag',90,432,9,10,10,10,48,48,48
{3,0} 'val',76,1230,8,6,9.5,10,126,153.75,162
{3,1} 'EmptyTag',76,384,8,6,9.5,10,48,48,48

SCIDB QUERY : <summarize(zero_to_255_overlap, by_attribute:true, by_instance:true)>
{inst,attid} att,count,bytes,chunks,min_count,avg_count,max_count,min_bytes,avg_bytes,max_bytes
{0,0} 'val',50,1160,5,10,10,10,227,232,237
{0,1} 'EmptyTag',50,240,5,10,10,10,48,48,48
{1,0} 'val',40,1008,4,10,10,10,252,252,252
{1,1} 'EmptyTag',40,192,4,10,10,10,48,48,48
{2,0} 'val',90,2208,9,10,10,10,232,245.333,252
{2,1} 'EmptyTag',90,432,9,10,10,10,48,48,48
{3,0} 'val',76,1840,8,6,9.5,10,171,230,252
{3,1} 'EmptyTag',76,384,8,6,9.5,10,48,48,48

SCIDB QUERY : <summarize(temp, by_attribute:true, by_instance:true)>
{inst,attid} att,count,bytes,chunks,min_count,avg_count,max_count,min_bytes,avg_bytes,max_bytes
{0,0} 'a',500000,4000360,5,100000,100000,100000,800072,800072,800072
{0,1} 'b',500000,4500360,5,100000,100000,100000,900072,900072,900072
{0,2} 'c',500000,400,5,100000,100000,100000,80,80,80
{0,3} 'EmptyTag',500000,240,5,100000,100000,100000,48,48,48
{1,0} 'a',0,0,0,null,null,null,null,null,null
{1,1} 'b',0,0,0,null,null,null,null,null,null
{1,2} 'c',0,0,0,null,null,null,null,null,null
{1,3} 'EmptyTag',0,0,0,null,null,null,null,null,null
{2,0} 'a',300000,2400216,3,100000,100000,100000,800072,800072,800072
{2,1} 'b',300000,2700216,3,100000,100000,100000,900072,900072,900072
{2,2} 'c',300000,240,3,100000,100000,100000,80,80,80
{2,3} 'EmptyTag',300000,144,3,100000,100000,100000,48,48,48
{3,0} 'a',200000,1600144,2,100000,100000,100000,800072,800072,800072
{3,1} 'b',200000,1800144,2,100000,100000,100000,900072,900072,900072
{3,2} 'c',200000,160,2,100000,100000,100000,80,80,80
{3,3} 'EmptyTag',200000,96,2,100000,100000,100000,48,48,48

SCIDB QUERY : <remove(zero_to_255)>
Query was executed successfully

SCIDB QUERY : <remove(zero_to_255_overlap)>
Query was executed successfully

SCIDB QUERY : <remove(temp)>
Query was executed successfully

