[Query was executed successfully, ignoring data output by this query.]

[Query was executed successfully, ignoring data output by this query.]

[Query was executed successfully, ignoring data output by this query.]

{inst,attid} att,count,bytes,chunks,min_count,avg_count,max_count,min_bytes,avg_bytes,max_bytes
{0,0} 'all',40,800,8,10,10,10,48,100,152
{1,0} 'all',20,410,4,10,10,10,48,102.5,162
{2,0} 'all',30,630,6,10,10,10,48,105,162
{3,0} 'all',70,1450,14,10,10,10,48,103.571,162
{4,0} 'all',36,794,8,6,9,10,48,99.25,162
{5,0} 'all',60,1230,12,10,10,10,48,102.5,162

{inst,attid} att,count,bytes,chunks,min_count,avg_count,max_count,min_bytes,avg_bytes,max_bytes
{0,0} 'all',40,1125,8,10,10,10,48,140.625,237
{1,0} 'all',20,575,4,10,10,10,48,143.75,252
{2,0} 'all',30,900,6,10,10,10,48,150,252
{3,0} 'all',70,2060,14,10,10,10,48,147.143,252
{4,0} 'all',36,1094,8,6,9,10,48,136.75,252
{5,0} 'all',60,1710,12,10,10,10,48,142.5,252

{inst,attid} att,count,bytes,chunks,min_count,avg_count,max_count,min_bytes,avg_bytes,max_bytes
{0,0} 'all',400000,6801088,16,100000,100000,100000,48,425068,900072
{1,0} 'all',100000,1700272,4,100000,100000,100000,48,425068,900072
{2,0} 'all',0,0,0,null,null,null,null,null,null
{3,0} 'all',200000,3400544,8,100000,100000,100000,48,425068,900072
{4,0} 'all',100000,1700272,4,100000,100000,100000,48,425068,900072
{5,0} 'all',200000,3400544,8,100000,100000,100000,48,425068,900072

{inst,attid} att,count,bytes,chunks,min_count,avg_count,max_count,min_bytes,avg_bytes,max_bytes
{0,0} 'val',40,608,4,10,10,10,152,152,152
{0,1} 'EmptyTag',40,192,4,10,10,10,48,48,48
{1,0} 'val',20,314,2,10,10,10,152,157,162
{1,1} 'EmptyTag',20,96,2,10,10,10,48,48,48
{2,0} 'val',30,486,3,10,10,10,162,162,162
{2,1} 'EmptyTag',30,144,3,10,10,10,48,48,48
{3,0} 'val',70,1114,7,10,10,10,152,159.143,162
{3,1} 'EmptyTag',70,336,7,10,10,10,48,48,48
{4,0} 'val',36,602,4,6,9,10,126,150.5,162
{4,1} 'EmptyTag',36,192,4,6,9,10,48,48,48
{5,0} 'val',60,942,6,10,10,10,142,157,162
{5,1} 'EmptyTag',60,288,6,10,10,10,48,48,48

{inst,attid} att,count,bytes,chunks,min_count,avg_count,max_count,min_bytes,avg_bytes,max_bytes
{0,0} 'val',40,933,4,10,10,10,232,233.25,237
{0,1} 'EmptyTag',40,192,4,10,10,10,48,48,48
{1,0} 'val',20,479,2,10,10,10,227,239.5,252
{1,1} 'EmptyTag',20,96,2,10,10,10,48,48,48
{2,0} 'val',30,756,3,10,10,10,252,252,252
{2,1} 'EmptyTag',30,144,3,10,10,10,48,48,48
{3,0} 'val',70,1724,7,10,10,10,232,246.286,252
{3,1} 'EmptyTag',70,336,7,10,10,10,48,48,48
{4,0} 'val',36,902,4,6,9,10,171,225.5,252
{4,1} 'EmptyTag',36,192,4,6,9,10,48,48,48
{5,0} 'val',60,1422,6,10,10,10,182,237,252
{5,1} 'EmptyTag',60,288,6,10,10,10,48,48,48

{inst,attid} att,count,bytes,chunks,min_count,avg_count,max_count,min_bytes,avg_bytes,max_bytes
{0,0} 'a',400000,3200288,4,100000,100000,100000,800072,800072,800072
{0,1} 'b',400000,3600288,4,100000,100000,100000,900072,900072,900072
{0,2} 'c',400000,320,4,100000,100000,100000,80,80,80
{0,3} 'EmptyTag',400000,192,4,100000,100000,100000,48,48,48
{1,0} 'a',100000,800072,1,100000,100000,100000,800072,800072,800072
{1,1} 'b',100000,900072,1,100000,100000,100000,900072,900072,900072
{1,2} 'c',100000,80,1,100000,100000,100000,80,80,80
{1,3} 'EmptyTag',100000,48,1,100000,100000,100000,48,48,48
{2,0} 'a',0,0,0,null,null,null,null,null,null
{2,1} 'b',0,0,0,null,null,null,null,null,null
{2,2} 'c',0,0,0,null,null,null,null,null,null
{2,3} 'EmptyTag',0,0,0,null,null,null,null,null,null
{3,0} 'a',200000,1600144,2,100000,100000,100000,800072,800072,800072
{3,1} 'b',200000,1800144,2,100000,100000,100000,900072,900072,900072
{3,2} 'c',200000,160,2,100000,100000,100000,80,80,80
{3,3} 'EmptyTag',200000,96,2,100000,100000,100000,48,48,48
{4,0} 'a',100000,800072,1,100000,100000,100000,800072,800072,800072
{4,1} 'b',100000,900072,1,100000,100000,100000,900072,900072,900072
{4,2} 'c',100000,80,1,100000,100000,100000,80,80,80
{4,3} 'EmptyTag',100000,48,1,100000,100000,100000,48,48,48
{5,0} 'a',200000,1600144,2,100000,100000,100000,800072,800072,800072
{5,1} 'b',200000,1800144,2,100000,100000,100000,900072,900072,900072
{5,2} 'c',200000,160,2,100000,100000,100000,80,80,80
{5,3} 'EmptyTag',200000,96,2,100000,100000,100000,48,48,48

Query was executed successfully

Query was executed successfully

Query was executed successfully

