Query was executed successfully

{x} a
{0} 10
{1} 11
{2} 12

Query was executed successfully

{x} a
{0} 42

Query was executed successfully

