SCIDB QUERY : <psql -e -d ${DB_NAME} -U ${DB_USER} -p ${DB_PORT} -h ${DB_HOST} -t -c 'select count(*) from array_version_lock'>
select count(*) from array_version_lock
     0


SCIDB QUERY : <lock_arrays(true)>
Query was executed successfully

SCIDB QUERY : <psql -e -d ${DB_NAME} -U ${DB_USER} -p ${DB_PORT} -h ${DB_HOST} -t -c 'select count(*) from array_version_lock'>
select count(*) from array_version_lock
     1


SCIDB QUERY : <lock_arrays(false)>
Query was executed successfully

SCIDB QUERY : <psql -e -d ${DB_NAME} -U ${DB_USER} -p ${DB_PORT} -h ${DB_HOST} -t -c 'select count(*) from array_version_lock'>
select count(*) from array_version_lock
     0


