SCIDB QUERY : <create array f<v:int64>[i=0:4:0:1]>
Query was executed successfully

SCIDB QUERY : <store(build(f, i), f)>
Query was executed successfully

SCIDB QUERY : <add_attributes(f, <w:int64>)>
Query was executed successfully

SCIDB QUERY : <scan(f)>
{i} v,w
{0} 0,null
{1} 1,null
{2} 2,null
{3} 3,null
{4} 4,null

SCIDB QUERY : <store(project(apply(f, wnew, 2*v+1), v, wnew), f)>
Query was executed successfully

SCIDB QUERY : <scan(f)>
{i} v,w
{0} 0,1
{1} 1,3
{2} 2,5
{3} 3,7
{4} 4,9

SCIDB QUERY : <delete(f, v=2)>
Query was executed successfully

SCIDB QUERY : <scan(f)>
{i} v,w
{0} 0,1
{1} 1,3
{3} 3,7
{4} 4,9

SCIDB QUERY : <remove(f)>
Query was executed successfully

